== final closure started 2026-10-01T01:58:24+02:00; load 6.35 6.32 9.23
pre race_dbs=0 zz_roles=0 proof_conns=[]
HEAD=e0a6b3b25d4309d16d6e3db3ee0958183a279dfd
status_entries_incl_ignored=0
diff_vs_tag=none
content_sha256=ba25b56f293b4e7f4d74860a128c2f97ad93ac044781dec6dc1a11b1fa5c5603
ENV_MANIFEST pre_env_manifest.json: 49 dists, 3872 files, content 7a833a0c93829604, manifest sha256 82f6c73aab6f7d2e
ORANGE_IMPORT_ORIGIN::PASS (44 first-party names under /home/codi/Entwicklung/nquiry/worktrees/orange-proof-infra)
ALLOWLIST_SET::PASS (cluster proof DBs == allowlist, exactly 5)
SCHEMA_FINGERPRINT_EQUIVALENCE::PASS (3c899691e52cef9fbd65d4ea9e9489a86d05e199c068c49e556e9e2d987c27a6)
DB_METADATA_EQUIVALENCE::PASS
PROOF_DB_PRECONDITIONS::PASS
collected: 2239 (2239 tests collected in 9.64s)
exit=0
========== 2237 passed, 2 skipped, 756 warnings in 1955.54s (0:32:35) ==========
post race_dbs=0 zz_roles=0 proof_conns=[]
HEAD=e0a6b3b25d4309d16d6e3db3ee0958183a279dfd
status_entries_incl_ignored=0
diff_vs_tag=none
content_sha256=ba25b56f293b4e7f4d74860a128c2f97ad93ac044781dec6dc1a11b1fa5c5603
ENV_MANIFEST post_env_manifest.json: 49 dists, 3872 files, content 7a833a0c93829604, manifest sha256 82f6c73aab6f7d2e
ORANGE_IMPORT_ORIGIN::PASS (44 first-party names under /home/codi/Entwicklung/nquiry/worktrees/orange-proof-infra)
ALLOWLIST_SET::PASS (cluster proof DBs == allowlist, exactly 5)
SCHEMA_FINGERPRINT_EQUIVALENCE::PASS (3c899691e52cef9fbd65d4ea9e9489a86d05e199c068c49e556e9e2d987c27a6)
DB_METADATA_EQUIVALENCE::PASS
PROOF_DB_PRECONDITIONS::PASS
COLLECTED_2239::PASS
EXECUTED_SET_EQUALS_COLLECTION::PASS
SKIP_SET_EQUALS_DECLARED_2::PASS
ZERO_FAILURES_ERRORS::PASS
CONCURRENCY_13_EXECUTED::PASS
EXIT_CODE_0::PASS
TREE_UNCHANGED::PASS
ENV_MANIFEST_UNCHANGED::PASS
GUARD_GREEN_BEFORE_AND_AFTER::PASS
PROOF_DBS_SAME_HEAD_FINGERPRINT::PASS
PROOF_DBS_CLEAN_AFTER::PASS
PROOF_DBS_NO_CONNECTIONS_AFTER::PASS
NO_RESIDUAL_RACE_DB::PASS
NO_RESIDUAL_ZZ_PKG25_ROLE::PASS
SERIAL_BASELINE::PASS
pre race_dbs=0 zz_roles=0 proof_conns=[]
HEAD=e0a6b3b25d4309d16d6e3db3ee0958183a279dfd
status_entries_incl_ignored=0
diff_vs_tag=none
content_sha256=ba25b56f293b4e7f4d74860a128c2f97ad93ac044781dec6dc1a11b1fa5c5603
ENV_MANIFEST pre_env_manifest.json: 49 dists, 3872 files, content 7a833a0c93829604, manifest sha256 82f6c73aab6f7d2e
ORANGE_IMPORT_ORIGIN::PASS (44 first-party names under /home/codi/Entwicklung/nquiry/worktrees/orange-proof-infra)
ALLOWLIST_SET::PASS (cluster proof DBs == allowlist, exactly 5)
SCHEMA_FINGERPRINT_EQUIVALENCE::PASS (3c899691e52cef9fbd65d4ea9e9489a86d05e199c068c49e556e9e2d987c27a6)
DB_METADATA_EQUIVALENCE::PASS
PROOF_DB_PRECONDITIONS::PASS
full: 2239 selected | 2239 tests collected in 4.70s
serial: 4 selected | 4 tests collected in 2.19s
xdist: 2235 selected | 2235/2239 tests collected (4 deselected) in 5.25s
declared skips: 2
PARTITION_PROOF::PASS (24/24)
xdist exit=0 wall=755.687062331 s
========== 2233 passed, 2 skipped, 759 warnings in 751.98s (0:12:31) ===========
serial exit=1 wall=12.518392659 s
==================== 1 failed, 3 passed, 1 warning in 7.81s ====================
post race_dbs=0 zz_roles=0 proof_conns=[]
HEAD=e0a6b3b25d4309d16d6e3db3ee0958183a279dfd
status_entries_incl_ignored=0
diff_vs_tag=none
content_sha256=ba25b56f293b4e7f4d74860a128c2f97ad93ac044781dec6dc1a11b1fa5c5603
ENV_MANIFEST post_env_manifest.json: 49 dists, 3872 files, content 7a833a0c93829604, manifest sha256 82f6c73aab6f7d2e
ORANGE_IMPORT_ORIGIN::PASS (44 first-party names under /home/codi/Entwicklung/nquiry/worktrees/orange-proof-infra)
ALLOWLIST_SET::PASS (cluster proof DBs == allowlist, exactly 5)
SCHEMA_FINGERPRINT_EQUIVALENCE::PASS (3c899691e52cef9fbd65d4ea9e9489a86d05e199c068c49e556e9e2d987c27a6)
DB_METADATA_EQUIVALENCE::PASS
PROOF_DB_PRECONDITIONS::PASS
aggregated nodes=2239 per partition={'xdist': {'passed': 2233, 'skipped': 2}, 'serial': {'failed': 1, 'passed': 3}} xdist_exit=0 serial_exit=1
AGGREGATION_AND_EQUIVALENCE::FAIL ['SERIAL_EXIT_1', 'FAILURES:1', 'OUTCOME_DIVERGES_FROM_SERIAL_REFERENCE:1']
AGGREGATION_AND_EQUIVALENCE::FAIL
TREE_UNCHANGED::PASS
ENV_MANIFEST_UNCHANGED::PASS
IMPORT_ORIGIN_GUARD_VALID::PASS
MIGRATION_HEADS_AND_FINGERPRINT_UNCHANGED::PASS
PROOF_DBS_CLEAN_AND_UNCONNECTED_AFTER::PASS
NO_RESIDUAL_RACE_DB::PASS
NO_RESIDUAL_ZZ_PKG25_ROLE::PASS
OBSERVED_OBJECTS_ATTRIBUTABLE::PASS
observed proof-created objects: 13 (race dbs 13, roles 0)
DURATION xdist_partition=755.7s serial_partition=12.5s governed_total=768.2s accepted_serial_baseline=1955.5s speedup=2.55x
RESULT: NOT PROVEN
PARALLEL_PROOF::FAIL
ORDER_PROOF::PASS
nodes=2239 identical_outcomes=2239 documented_SF-PX-03_differences=[] undocumented_differences=[]
FALSIFIER_DETECTS[undocumented_outcome_change]::PASS
FALSIFIER_DETECTS[missing_node]::PASS
SF_PX_03_NODE: accepted=passed new=passed (documented, never normalized)
INSTRUMENTATION_INERT_FOR_SERIAL_OUTCOMES::PASS
== final closure finished 2026-10-01T02:44:42+02:00; load 5.55 9.16 10.03
