== final closure started 2026-10-06T01:46:44+02:00; load 2.53 3.08 9.79
[00:00:00] PROOF_START     chain=canonical-orange lineage=35e7d55 run=final_closure_20261006T014642
[00:00:00] STAGE_START     stage=serial_pre
pre race_dbs=0 zz_roles=0 proof_conns=[]
HEAD=e0a6b3b25d4309d16d6e3db3ee0958183a279dfd
status_entries_incl_ignored=0
diff_vs_tag=none
content_sha256=ba25b56f293b4e7f4d74860a128c2f97ad93ac044781dec6dc1a11b1fa5c5603
ENV_MANIFEST pre_env_manifest.json: 49 dists, 3872 files, content 7a833a0c93829604, manifest sha256 82f6c73aab6f7d2e
ORANGE_IMPORT_ORIGIN::PASS (44 first-party names under /home/codi/Entwicklung/nquiry/worktrees/orange-proof-infra)
ALLOWLIST_SET::PASS (cluster proof DBs == allowlist, exactly 5)
SCHEMA_FINGERPRINT_EQUIVALENCE::PASS (3c899691e52cef9fbd65d4ea9e9489a86d05e199c068c49e556e9e2d987c27a6)
DB_METADATA_EQUIVALENCE::PASS
PROOF_DB_PRECONDITIONS::PASS
collected: 2239 (2239 tests collected in 2.60s)
[00:00:06] STAGE_END       stage=serial_pre rc=0 elapsed=6s
[00:00:06] VERDICT         phase=serial_pre name=ORANGE_IMPORT_ORIGIN value=PASS
[00:00:06] VERDICT         phase=serial_pre name=ALLOWLIST_SET value=PASS
[00:00:06] VERDICT         phase=serial_pre name=SCHEMA_FINGERPRINT_EQUIVALENCE value=PASS
[00:00:06] VERDICT         phase=serial_pre name=DB_METADATA_EQUIVALENCE value=PASS
[00:00:06] VERDICT         phase=serial_pre name=PROOF_DB_PRECONDITIONS value=PASS
[00:00:06] STAGE_START     stage=serial_reference
[00:00:36] HEARTBEAT       stage=serial_reference elapsed=30s pytest_progress=35%
[00:01:06] HEARTBEAT       stage=serial_reference elapsed=60s pytest_progress=41%
[00:01:36] HEARTBEAT       stage=serial_reference elapsed=90s pytest_progress=43%
[00:02:06] HEARTBEAT       stage=serial_reference elapsed=120s pytest_progress=45%
[00:02:36] HEARTBEAT       stage=serial_reference elapsed=150s pytest_progress=48%
[00:03:06] HEARTBEAT       stage=serial_reference elapsed=180s pytest_progress=48%
[00:03:36] HEARTBEAT       stage=serial_reference elapsed=210s pytest_progress=48%
[00:04:06] HEARTBEAT       stage=serial_reference elapsed=240s pytest_progress=52%
[00:04:36] HEARTBEAT       stage=serial_reference elapsed=270s pytest_progress=53%
[00:05:06] HEARTBEAT       stage=serial_reference elapsed=300s pytest_progress=62%
[00:05:36] HEARTBEAT       stage=serial_reference elapsed=330s pytest_progress=62%
[00:06:06] HEARTBEAT       stage=serial_reference elapsed=360s pytest_progress=62%
[00:06:36] HEARTBEAT       stage=serial_reference elapsed=390s pytest_progress=64%
[00:07:06] HEARTBEAT       stage=serial_reference elapsed=420s pytest_progress=65%
[00:07:36] HEARTBEAT       stage=serial_reference elapsed=450s pytest_progress=66%
[00:08:06] HEARTBEAT       stage=serial_reference elapsed=480s pytest_progress=66%
[00:08:36] HEARTBEAT       stage=serial_reference elapsed=510s pytest_progress=66%
[00:09:06] HEARTBEAT       stage=serial_reference elapsed=540s pytest_progress=66%
[00:09:36] HEARTBEAT       stage=serial_reference elapsed=570s pytest_progress=67%
[00:10:06] HEARTBEAT       stage=serial_reference elapsed=600s pytest_progress=67%
[00:10:36] HEARTBEAT       stage=serial_reference elapsed=630s pytest_progress=67%
[00:11:06] HEARTBEAT       stage=serial_reference elapsed=660s pytest_progress=69%
[00:11:36] HEARTBEAT       stage=serial_reference elapsed=690s pytest_progress=70%
[00:12:06] HEARTBEAT       stage=serial_reference elapsed=720s pytest_progress=72%
[00:12:36] HEARTBEAT       stage=serial_reference elapsed=750s pytest_progress=72%
[00:13:06] HEARTBEAT       stage=serial_reference elapsed=780s pytest_progress=77%
exit=0
========== 2237 passed, 2 skipped, 756 warnings in 807.55s (0:13:27) ===========
[00:13:35] STAGE_END       stage=serial_reference rc=0 elapsed=809s
[00:13:35] CLEANUP         phase=serial observer=stopped
[00:13:35] STAGE_START     stage=serial_post
post race_dbs=0 zz_roles=0 proof_conns=[]
HEAD=e0a6b3b25d4309d16d6e3db3ee0958183a279dfd
status_entries_incl_ignored=0
diff_vs_tag=none
content_sha256=ba25b56f293b4e7f4d74860a128c2f97ad93ac044781dec6dc1a11b1fa5c5603
ENV_MANIFEST post_env_manifest.json: 49 dists, 3872 files, content 7a833a0c93829604, manifest sha256 82f6c73aab6f7d2e
ORANGE_IMPORT_ORIGIN::PASS (44 first-party names under /home/codi/Entwicklung/nquiry/worktrees/orange-proof-infra)
ALLOWLIST_SET::PASS (cluster proof DBs == allowlist, exactly 5)
SCHEMA_FINGERPRINT_EQUIVALENCE::PASS (3c899691e52cef9fbd65d4ea9e9489a86d05e199c068c49e556e9e2d987c27a6)
DB_METADATA_EQUIVALENCE::PASS
PROOF_DB_PRECONDITIONS::PASS
[00:13:37] STAGE_END       stage=serial_post rc=unobserved elapsed=2s
[00:13:37] STAGE_START     stage=serial_analysis
COLLECTED_2239::PASS
EXECUTED_SET_EQUALS_COLLECTION::PASS
SKIP_SET_EQUALS_DECLARED_2::PASS
ZERO_FAILURES_ERRORS::PASS
CONCURRENCY_13_EXECUTED::PASS
EXIT_CODE_0::PASS
TREE_UNCHANGED::PASS
ENV_MANIFEST_UNCHANGED::PASS
GUARD_GREEN_BEFORE_AND_AFTER::PASS
PROOF_DBS_SAME_HEAD_FINGERPRINT::PASS
PROOF_DBS_CLEAN_AFTER::PASS
PROOF_DBS_NO_CONNECTIONS_AFTER::PASS
NO_RESIDUAL_RACE_DB::PASS
NO_RESIDUAL_ZZ_PKG25_ROLE::PASS
SERIAL_BASELINE::PASS
[00:13:37] STAGE_END       stage=serial_analysis rc=unobserved elapsed=0s
[00:13:37] VERDICT         phase=serial_analysis name=COLLECTED_2239 value=PASS
[00:13:37] VERDICT         phase=serial_analysis name=EXECUTED_SET_EQUALS_COLLECTION value=PASS
[00:13:37] VERDICT         phase=serial_analysis name=SKIP_SET_EQUALS_DECLARED_2 value=PASS
[00:13:37] VERDICT         phase=serial_analysis name=ZERO_FAILURES_ERRORS value=PASS
[00:13:37] VERDICT         phase=serial_analysis name=CONCURRENCY_13_EXECUTED value=PASS
[00:13:37] VERDICT         phase=serial_analysis name=EXIT_CODE_0 value=PASS
[00:13:37] VERDICT         phase=serial_analysis name=TREE_UNCHANGED value=PASS
[00:13:37] VERDICT         phase=serial_analysis name=ENV_MANIFEST_UNCHANGED value=PASS
[00:13:37] VERDICT         phase=serial_analysis name=GUARD_GREEN_BEFORE_AND_AFTER value=PASS
[00:13:37] VERDICT         phase=serial_analysis name=PROOF_DBS_SAME_HEAD_FINGERPRINT value=PASS
[00:13:37] VERDICT         phase=serial_analysis name=PROOF_DBS_CLEAN_AFTER value=PASS
[00:13:37] VERDICT         phase=serial_analysis name=PROOF_DBS_NO_CONNECTIONS_AFTER value=PASS
[00:13:37] VERDICT         phase=serial_analysis name=NO_RESIDUAL_RACE_DB value=PASS
[00:13:37] VERDICT         phase=serial_analysis name=NO_RESIDUAL_ZZ_PKG25_ROLE value=PASS
[00:13:37] VERDICT         phase=serial_analysis name=SERIAL_BASELINE value=PASS
[00:13:37] STAGE_START     stage=parallel_pre
pre race_dbs=0 zz_roles=0 proof_conns=[]
HEAD=e0a6b3b25d4309d16d6e3db3ee0958183a279dfd
status_entries_incl_ignored=0
diff_vs_tag=none
content_sha256=ba25b56f293b4e7f4d74860a128c2f97ad93ac044781dec6dc1a11b1fa5c5603
ENV_MANIFEST pre_env_manifest.json: 49 dists, 3872 files, content 7a833a0c93829604, manifest sha256 82f6c73aab6f7d2e
ORANGE_IMPORT_ORIGIN::PASS (44 first-party names under /home/codi/Entwicklung/nquiry/worktrees/orange-proof-infra)
ALLOWLIST_SET::PASS (cluster proof DBs == allowlist, exactly 5)
SCHEMA_FINGERPRINT_EQUIVALENCE::PASS (3c899691e52cef9fbd65d4ea9e9489a86d05e199c068c49e556e9e2d987c27a6)
DB_METADATA_EQUIVALENCE::PASS
PROOF_DB_PRECONDITIONS::PASS
full: 2239 selected | 2239 tests collected in 2.07s
serial: 4 selected | 4 tests collected in 0.92s
xdist: 2235 selected | 2235/2239 tests collected (4 deselected) in 2.10s
declared skips: 2
[00:13:47] STAGE_END       stage=parallel_pre rc=0 elapsed=10s
[00:13:47] VERDICT         phase=parallel_pre name=ORANGE_IMPORT_ORIGIN value=PASS
[00:13:47] VERDICT         phase=parallel_pre name=ALLOWLIST_SET value=PASS
[00:13:47] VERDICT         phase=parallel_pre name=SCHEMA_FINGERPRINT_EQUIVALENCE value=PASS
[00:13:47] VERDICT         phase=parallel_pre name=DB_METADATA_EQUIVALENCE value=PASS
[00:13:47] VERDICT         phase=parallel_pre name=PROOF_DB_PRECONDITIONS value=PASS
[00:13:47] STAGE_START     stage=partition_proof
PARTITION_PROOF::PASS (24/24)
[00:13:47] STAGE_END       stage=partition_proof rc=unobserved elapsed=0s
[00:13:47] VERDICT         phase=partition_proof name=SELECTORS_ARE_THE_DECLARED_TWO value=PASS
[00:13:47] VERDICT         phase=partition_proof name=SELECTOR_PREFIX_UNAMBIGUOUS[...] value=PASS
[00:13:47] VERDICT         phase=partition_proof name=SELECTOR_PREFIX_UNAMBIGUOUS[...] value=PASS
[00:13:47] VERDICT         phase=partition_proof name=I_SELECTOR_SERIAL_EXACTLY_4 value=PASS
[00:13:47] VERDICT         phase=partition_proof name=I_SELECTOR_COMPLEMENT_EXACTLY_2235 value=PASS
[00:13:47] VERDICT         phase=partition_proof name=I_DISJOINT_RAW value=PASS
[00:13:47] VERDICT         phase=partition_proof name=I_RAW_UNION_EQUALS_FULL_NO_OMISSION value=PASS
[00:13:47] VERDICT         phase=partition_proof name=I_SERIAL_CONTAINS_BOTH_VOLATILE_IDS value=PASS
[00:13:47] VERDICT         phase=partition_proof name=I_MOVED_NODE_ONLY_IN_SERIAL value=PASS
[00:13:47] VERDICT         phase=partition_proof name=II_ACTUAL_PARTITION_PROVEN value=PASS
[00:13:47] VERDICT         phase=partition_proof name=II_CANONICAL_INJECTIVE_PER_PARTITION_AND_UNION value=PASS
[00:13:47] VERDICT         phase=partition_proof name=II_STABLE_RAW_IDS_IDENTICAL value=PASS
[00:13:47] VERDICT         phase=partition_proof name=FALSIFIER_DETECTS[...] value=PASS
[00:13:47] VERDICT         phase=partition_proof name=FALSIFIER_DETECTS[...] value=PASS
[00:13:47] VERDICT         phase=partition_proof name=FALSIFIER_DETECTS[...] value=PASS
[00:13:47] VERDICT         phase=partition_proof name=FALSIFIER_DETECTS[...] value=PASS
[00:13:47] VERDICT         phase=partition_proof name=FALSIFIER_DETECTS[...] value=PASS
[00:13:47] VERDICT         phase=partition_proof name=FALSIFIER_DETECTS[...] value=PASS
[00:13:47] VERDICT         phase=partition_proof name=FALSIFIER_DETECTS[...] value=PASS
[00:13:47] VERDICT         phase=partition_proof name=FALSIFIER_DETECTS[...] value=PASS
[00:13:47] VERDICT         phase=partition_proof name=FALSIFIER_DETECTS[...] value=PASS
[00:13:47] VERDICT         phase=partition_proof name=FALSIFIER_DETECTS[...] value=PASS
[00:13:47] VERDICT         phase=partition_proof name=FALSIFIER_NO_CANONICAL_COLLAPSE[...] value=PASS
[00:13:47] VERDICT         phase=partition_proof name=FALSIFIER_CANONICAL_MAP_REJECTS_MERGE value=PASS
[00:13:47] VERDICT         phase=partition_proof name=PARTITION_PROOF value=PASS
[00:13:47] STAGE_START     stage=xdist_partition
[00:14:17] HEARTBEAT       stage=xdist_partition elapsed=30s pytest_progress=38%
[00:14:47] HEARTBEAT       stage=xdist_partition elapsed=60s pytest_progress=51%
[00:15:17] HEARTBEAT       stage=xdist_partition elapsed=90s pytest_progress=54%
[00:15:47] HEARTBEAT       stage=xdist_partition elapsed=120s pytest_progress=54%
[00:16:17] HEARTBEAT       stage=xdist_partition elapsed=150s pytest_progress=57%
[00:16:47] HEARTBEAT       stage=xdist_partition elapsed=180s pytest_progress=64%
[00:17:17] HEARTBEAT       stage=xdist_partition elapsed=210s pytest_progress=67%
[00:17:47] HEARTBEAT       stage=xdist_partition elapsed=240s pytest_progress=70%
[00:18:17] HEARTBEAT       stage=xdist_partition elapsed=270s pytest_progress=93%
[00:18:47] HEARTBEAT       stage=xdist_partition elapsed=300s pytest_progress=96%
[00:19:17] HEARTBEAT       stage=xdist_partition elapsed=330s pytest_progress=96%
xdist exit=0 wall=357.927608499 s
========== 2233 passed, 2 skipped, 759 warnings in 357.32s (0:05:57) ===========
[00:19:45] STAGE_END       stage=xdist_partition rc=0 elapsed=358s
[00:19:45] STAGE_START     stage=serial_partition
serial exit=0 wall=4.212325939 s
========================= 4 passed, 1 warning in 3.55s =========================
[00:19:49] STAGE_END       stage=serial_partition rc=0 elapsed=4s
[00:19:49] CLEANUP         phase=parallel observer=stopped
[00:19:49] STAGE_START     stage=parallel_post
post race_dbs=0 zz_roles=0 proof_conns=[]
HEAD=e0a6b3b25d4309d16d6e3db3ee0958183a279dfd
status_entries_incl_ignored=0
diff_vs_tag=none
content_sha256=ba25b56f293b4e7f4d74860a128c2f97ad93ac044781dec6dc1a11b1fa5c5603
ENV_MANIFEST post_env_manifest.json: 49 dists, 3872 files, content 7a833a0c93829604, manifest sha256 82f6c73aab6f7d2e
ORANGE_IMPORT_ORIGIN::PASS (44 first-party names under /home/codi/Entwicklung/nquiry/worktrees/orange-proof-infra)
ALLOWLIST_SET::PASS (cluster proof DBs == allowlist, exactly 5)
SCHEMA_FINGERPRINT_EQUIVALENCE::PASS (3c899691e52cef9fbd65d4ea9e9489a86d05e199c068c49e556e9e2d987c27a6)
DB_METADATA_EQUIVALENCE::PASS
PROOF_DB_PRECONDITIONS::PASS
[00:19:51] STAGE_END       stage=parallel_post rc=unobserved elapsed=2s
[00:19:51] STAGE_START     stage=aggregation
aggregated nodes=2239 per partition={'xdist': {'passed': 2233, 'skipped': 2}, 'serial': {'passed': 4}} xdist_exit=0 serial_exit=0
AGGREGATION_AND_EQUIVALENCE::PASS
AGGREGATION_AND_EQUIVALENCE::PASS
TREE_UNCHANGED::PASS
ENV_MANIFEST_UNCHANGED::PASS
IMPORT_ORIGIN_GUARD_VALID::PASS
MIGRATION_HEADS_AND_FINGERPRINT_UNCHANGED::PASS
PROOF_DBS_CLEAN_AND_UNCONNECTED_AFTER::PASS
NO_RESIDUAL_RACE_DB::PASS
NO_RESIDUAL_ZZ_PKG25_ROLE::PASS
OBSERVED_OBJECTS_ATTRIBUTABLE::PASS
observed proof-created objects: 13 (race dbs 13, roles 0)
DURATION xdist_partition=357.9s serial_partition=4.2s governed_total=362.1s accepted_serial_baseline=807.5s speedup=2.23x
RESULT: 2235 nodes executed under governed 4-worker parallelism + 4 nodes executed under governed serial execution (3 volatile-identity nodes + 1 fixed-time-window node, SF-PX-03) = complete 2239-node frozen-field coverage
PARALLEL_PROOF::PASS
[00:19:51] STAGE_END       stage=aggregation rc=unobserved elapsed=0s
[00:19:51] VERDICT         phase=aggregation name=AGGREGATION_AND_EQUIVALENCE value=PASS
[00:19:51] VERDICT         phase=aggregation name=AGGREGATION_AND_EQUIVALENCE value=PASS
[00:19:51] VERDICT         phase=aggregation name=TREE_UNCHANGED value=PASS
[00:19:51] VERDICT         phase=aggregation name=ENV_MANIFEST_UNCHANGED value=PASS
[00:19:51] VERDICT         phase=aggregation name=IMPORT_ORIGIN_GUARD_VALID value=PASS
[00:19:51] VERDICT         phase=aggregation name=MIGRATION_HEADS_AND_FINGERPRINT_UNCHANGED value=PASS
[00:19:51] VERDICT         phase=aggregation name=PROOF_DBS_CLEAN_AND_UNCONNECTED_AFTER value=PASS
[00:19:51] VERDICT         phase=aggregation name=NO_RESIDUAL_RACE_DB value=PASS
[00:19:51] VERDICT         phase=aggregation name=NO_RESIDUAL_ZZ_PKG25_ROLE value=PASS
[00:19:51] VERDICT         phase=aggregation name=OBSERVED_OBJECTS_ATTRIBUTABLE value=PASS
[00:19:51] VERDICT         phase=aggregation name=PARALLEL_PROOF value=PASS
[00:19:51] STAGE_START     stage=order_proof
ORDER_PROOF::PASS
[00:19:51] STAGE_END       stage=order_proof rc=unobserved elapsed=0s
[00:19:52] VERDICT         phase=order_proof name=ORDER_MONOTONE_AND_LEAK_AFTER_RACE value=PASS
[00:19:52] VERDICT         phase=order_proof name=FALSIFIER_DETECTS[...] value=PASS
[00:19:52] VERDICT         phase=order_proof name=FALSIFIER_DETECTS[...] value=PASS
[00:19:52] VERDICT         phase=order_proof name=FALSIFIER_DETECTS[...] value=PASS
[00:19:52] VERDICT         phase=order_proof name=ORDER_PROOF value=PASS
[00:19:52] STAGE_START     stage=inertness
nodes=2239 identical_outcomes=2239 documented_SF-PX-03_differences=[] undocumented_differences=[]
FALSIFIER_DETECTS[undocumented_outcome_change]::PASS
FALSIFIER_DETECTS[missing_node]::PASS
SF_PX_03_NODE: accepted=passed new=passed (documented, never normalized)
INSTRUMENTATION_INERT_FOR_SERIAL_OUTCOMES::PASS
[00:19:52] STAGE_END       stage=inertness rc=unobserved elapsed=0s
[00:19:52] VERDICT         phase=inertness name=FALSIFIER_DETECTS[...] value=PASS
[00:19:52] VERDICT         phase=inertness name=FALSIFIER_DETECTS[...] value=PASS
[00:19:52] VERDICT         phase=inertness name=INSTRUMENTATION_INERT_FOR_SERIAL_OUTCOMES value=PASS
== final closure finished 2026-10-06T02:06:36+02:00; load 3.47 4.05 5.31
[00:19:52] PROOF_END       verdict=PASS failures=0 verdicts_read=69 elapsed=1192s
