...............                                                          [100%]
=============================== warnings summary ===============================
../../.venv-swu-px-03/lib/python3.13/site-packages/starlette/testclient.py:45
  /home/codi/Entwicklung/nquiry/.venv-swu-px-03/lib/python3.13/site-packages/starlette/testclient.py:45: DeprecationWarning: The anyio.abc.BlockingPortal alias is deprecated, use anyio.from_thread.BlockingPortal instead.
    _PortalFactoryType = Callable[[], AbstractContextManager[anyio.abc.BlockingPortal]]

-- Docs: https://docs.pytest.org/en/stable/how-to/capture-warnings.html
==================================== PASSES ====================================
============================== slowest durations ===============================
6.47s call     tests/e2e/test_swu_px_03_worker_readiness.py::test_delayed_startup_beyond_the_old_window_still_stops_gracefully
4.62s call     tests/e2e/test_swu_px_03_worker_readiness.py::test_high_cpu_contention_does_not_change_the_outcome
3.35s call     tests/e2e/test_swu_px_03_worker_readiness.py::test_a_slowly_failing_database_does_not_change_the_outcome
2.50s call     tests/e2e/test_swu_px_03_worker_readiness.py::test_the_old_fixed_window_consumer_fails_when_startup_outlasts_it
1.72s call     tests/e2e/test_pfc_f09_1_technical_failure.py::test_worker_loop_survives_a_database_outage_and_stops_gracefully
1.39s call     tests/e2e/test_swu_px_03_worker_readiness.py::test_a_stop_right_after_readiness_is_graceful[SIGTERM]
1.27s call     tests/e2e/test_swu_px_03_worker_readiness.py::test_readiness_reached_then_passes_then_graceful_stop
1.04s call     tests/e2e/test_pfc_f09_1_technical_failure.py::test_worker_once_reports_an_unavailable_database_and_fails_the_pass
1.02s call     tests/e2e/test_swu_px_03_worker_readiness.py::test_cleanup_is_idempotent_after_a_graceful_stop
1.00s call     tests/e2e/test_swu_px_03_worker_readiness.py::test_readiness_never_reached_fails_at_the_bound_with_a_diagnostic
0.94s call     tests/e2e/test_swu_px_03_worker_readiness.py::test_a_stop_right_after_readiness_is_graceful[SIGINT]
0.73s call     tests/e2e/test_swu_px_03_worker_readiness.py::test_a_worker_that_exits_before_readiness_fails_at_once
0.65s call     tests/e2e/test_swu_px_03_worker_readiness.py::test_cleanup_reaps_a_running_worker_and_its_readers
0.47s call     tests/e2e/test_swu_px_03_worker_readiness.py::test_readiness_is_announced_only_after_both_stop_handlers_are_installed
0.10s setup    tests/e2e/test_swu_px_03_worker_readiness.py::test_delayed_startup_beyond_the_old_window_still_stops_gracefully
0.10s setup    tests/e2e/test_swu_px_03_worker_readiness.py::test_high_cpu_contention_does_not_change_the_outcome
0.09s teardown tests/e2e/test_swu_px_03_worker_readiness.py::test_a_slowly_failing_database_does_not_change_the_outcome
0.09s teardown tests/e2e/test_swu_px_03_worker_readiness.py::test_readiness_reached_then_passes_then_graceful_stop
0.08s teardown tests/e2e/test_swu_px_03_worker_readiness.py::test_high_cpu_contention_does_not_change_the_outcome
0.07s teardown tests/e2e/test_swu_px_03_worker_readiness.py::test_a_stop_right_after_readiness_is_graceful[SIGTERM]
0.07s setup    tests/e2e/test_swu_px_03_worker_readiness.py::test_readiness_is_announced_only_after_both_stop_handlers_are_installed
0.07s teardown tests/e2e/test_swu_px_03_worker_readiness.py::test_readiness_never_reached_fails_at_the_bound_with_a_diagnostic
0.06s teardown tests/e2e/test_swu_px_03_worker_readiness.py::test_delayed_startup_beyond_the_old_window_still_stops_gracefully
0.06s teardown tests/e2e/test_swu_px_03_worker_readiness.py::test_readiness_is_announced_only_after_both_stop_handlers_are_installed
0.06s setup    tests/e2e/test_swu_px_03_worker_readiness.py::test_a_slowly_failing_database_does_not_change_the_outcome
0.06s setup    tests/e2e/test_swu_px_03_worker_readiness.py::test_a_stop_right_after_readiness_is_graceful[SIGINT]
0.06s setup    tests/e2e/test_swu_px_03_worker_readiness.py::test_readiness_reached_then_passes_then_graceful_stop
0.06s teardown tests/e2e/test_swu_px_03_worker_readiness.py::test_sigterm_before_handler_installation_is_not_a_graceful_stop
0.06s setup    tests/e2e/test_swu_px_03_worker_readiness.py::test_the_old_fixed_window_consumer_fails_when_startup_outlasts_it
0.06s setup    tests/e2e/test_swu_px_03_worker_readiness.py::test_sigterm_before_handler_installation_is_not_a_graceful_stop
0.06s setup    tests/e2e/test_swu_px_03_worker_readiness.py::test_cleanup_is_idempotent_after_a_graceful_stop
0.05s setup    tests/e2e/test_swu_px_03_worker_readiness.py::test_a_worker_that_exits_before_readiness_fails_at_once
0.05s teardown tests/e2e/test_swu_px_03_worker_readiness.py::test_a_stop_right_after_readiness_is_graceful[SIGINT]
0.05s teardown tests/e2e/test_swu_px_03_worker_readiness.py::test_cleanup_reaps_a_running_worker_and_its_readers
0.05s setup    tests/e2e/test_swu_px_03_worker_readiness.py::test_readiness_never_reached_fails_at_the_bound_with_a_diagnostic
0.05s teardown tests/e2e/test_swu_px_03_worker_readiness.py::test_a_worker_that_exits_before_readiness_fails_at_once
0.05s setup    tests/e2e/test_swu_px_03_worker_readiness.py::test_a_stop_right_after_readiness_is_graceful[SIGTERM]
0.05s setup    tests/e2e/test_swu_px_03_worker_readiness.py::test_cleanup_reaps_a_running_worker_and_its_readers
0.05s teardown tests/e2e/test_swu_px_03_worker_readiness.py::test_cleanup_is_idempotent_after_a_graceful_stop
0.05s teardown tests/e2e/test_swu_px_03_worker_readiness.py::test_the_old_fixed_window_consumer_fails_when_startup_outlasts_it

(5 durations < 0.005s hidden.  Use -vv to show these durations.)
=========================== short test summary info ============================
PASSED tests/e2e/test_swu_px_03_worker_readiness.py::test_readiness_is_announced_only_after_both_stop_handlers_are_installed
PASSED tests/e2e/test_swu_px_03_worker_readiness.py::test_sigterm_before_handler_installation_is_not_a_graceful_stop
PASSED tests/e2e/test_swu_px_03_worker_readiness.py::test_the_old_fixed_window_consumer_fails_when_startup_outlasts_it
PASSED tests/e2e/test_swu_px_03_worker_readiness.py::test_a_stop_right_after_readiness_is_graceful[SIGTERM]
PASSED tests/e2e/test_swu_px_03_worker_readiness.py::test_a_stop_right_after_readiness_is_graceful[SIGINT]
PASSED tests/e2e/test_swu_px_03_worker_readiness.py::test_readiness_reached_then_passes_then_graceful_stop
PASSED tests/e2e/test_swu_px_03_worker_readiness.py::test_delayed_startup_beyond_the_old_window_still_stops_gracefully
PASSED tests/e2e/test_swu_px_03_worker_readiness.py::test_high_cpu_contention_does_not_change_the_outcome
PASSED tests/e2e/test_swu_px_03_worker_readiness.py::test_a_slowly_failing_database_does_not_change_the_outcome
PASSED tests/e2e/test_swu_px_03_worker_readiness.py::test_readiness_never_reached_fails_at_the_bound_with_a_diagnostic
PASSED tests/e2e/test_swu_px_03_worker_readiness.py::test_a_worker_that_exits_before_readiness_fails_at_once
PASSED tests/e2e/test_swu_px_03_worker_readiness.py::test_cleanup_reaps_a_running_worker_and_its_readers
PASSED tests/e2e/test_swu_px_03_worker_readiness.py::test_cleanup_is_idempotent_after_a_graceful_stop
PASSED tests/e2e/test_pfc_f09_1_technical_failure.py::test_worker_loop_survives_a_database_outage_and_stops_gracefully
PASSED tests/e2e/test_pfc_f09_1_technical_failure.py::test_worker_once_reports_an_unavailable_database_and_fails_the_pass
15 passed, 1 warning in 33.35s
