C0_idle_warm	NEW	0.0	rc=0	2.9s	load1=5.5
C0_idle_warm	OLD	0.0	rc=0	3.8s	load1=5.6
C0_idle_warm	NEW	1.0	rc=0	2.9s	load1=5.6
C0_idle_warm	OLD	1.0	rc=0	3.6s	load1=5.3
C0_idle_warm	NEW	2.0	rc=0	2.7s	load1=5.2
C0_idle_warm	OLD	2.0	rc=0	3.6s	load1=5.2
C0_idle_warm	NEW	3.0	rc=0	2.8s	load1=5.3
C0_idle_warm	OLD	3.0	rc=0	3.7s	load1=5.0
C0_idle_warm	NEW	4.0	rc=0	3.0s	load1=5.0
C0_idle_warm	OLD	4.0	rc=0	3.8s	load1=4.8
C0_idle_warm	NEW	5.0	rc=0	3.5s	load1=4.7
C0_idle_warm	OLD	5.0	rc=0	3.9s	load1=4.5
C0_idle_warm	NEW	6.0	rc=0	3.3s	load1=4.5
C0_idle_warm	OLD	6.0	rc=0	3.8s	load1=4.4
C0_idle_warm	NEW	7.0	rc=0	3.9s	load1=4.7
C0_idle_warm	OLD	7.0	rc=0	3.9s	load1=5.1
C0_idle_warm	NEW	8.0	rc=0	3.3s	load1=5.1
C0_idle_warm	OLD	8.0	rc=0	4.0s	load1=5.0
C0_idle_warm	NEW	9.0	rc=0	3.6s	load1=5.8
C0_idle_warm	OLD	9.0	rc=0	4.1s	load1=6.0
C1_cold_start	NEW	0.0	rc=0	12.6s	load1=6.9
C1_cold_start	OLD	0.0	rc=1	7.6s	load1=6.9
C1_cold_start	NEW	1.0	rc=0	13.0s	load1=6.9
C1_cold_start	OLD	1.0	rc=1	8.2s	load1=6.8
C1_cold_start	NEW	2.0	rc=0	12.7s	load1=6.7
C1_cold_start	OLD	2.0	rc=1	8.2s	load1=6.5
C1_cold_start	NEW	3.0	rc=0	15.7s	load1=8.2
C1_cold_start	OLD	3.0	rc=1	8.6s	load1=8.0
C1_cold_start	NEW	4.0	rc=0	13.9s	load1=7.7
C1_cold_start	OLD	4.0	rc=1	9.3s	load1=7.7
C1_cold_start	NEW	5.0	rc=0	14.6s	load1=7.3
C1_cold_start	OLD	5.0	rc=1	7.5s	load1=7.3
C1_cold_start	NEW	6.0	rc=0	13.4s	load1=7.9
C1_cold_start	OLD	6.0	rc=1	7.6s	load1=7.5
C1_cold_start	NEW	7.0	rc=0	12.7s	load1=7.3
C1_cold_start	OLD	7.0	rc=1	7.7s	load1=7.7
C1_cold_start	NEW	8.0	rc=0	12.8s	load1=7.3
C1_cold_start	OLD	8.0	rc=1	7.9s	load1=8.1
C1_cold_start	NEW	9.0	rc=0	12.7s	load1=8.6
C1_cold_start	OLD	9.0	rc=1	9.0s	load1=8.3
C2_cpu2x_warm	NEW	0.0	rc=0	13.7s	load1=12.9
C2_cpu2x_warm	OLD	0.0	rc=1	9.6s	load1=15.2
C2_cpu2x_warm	NEW	1.0	rc=0	16.3s	load1=19.0
C2_cpu2x_warm	OLD	1.0	rc=1	9.9s	load1=21.5
C2_cpu2x_warm	NEW	2.0	rc=0	16.9s	load1=23.2
C2_cpu2x_warm	OLD	2.0	rc=1	6.3s	load1=23.7
C2_cpu2x_warm	NEW	3.0	rc=0	12.5s	load1=24.4
C2_cpu2x_warm	OLD	3.0	rc=1	9.1s	load1=24.9
C2_cpu2x_warm	NEW	4.0	rc=0	13.2s	load1=26.7
C2_cpu2x_warm	OLD	4.0	rc=1	9.1s	load1=26.8
C2_cpu2x_warm	NEW	5.0	rc=0	16.3s	load1=28.2
C2_cpu2x_warm	OLD	5.0	rc=1	11.1s	load1=29.9
C2_cpu2x_warm	NEW	6.0	rc=0	20.2s	load1=31.9
C2_cpu2x_warm	OLD	6.0	rc=1	8.9s	load1=32.2
C2_cpu2x_warm	NEW	7.0	rc=0	18.4s	load1=32.3
C2_cpu2x_warm	OLD	7.0	rc=1	9.6s	load1=32.1
C2_cpu2x_warm	NEW	8.0	rc=0	15.6s	load1=33.5
C2_cpu2x_warm	OLD	8.0	rc=1	10.1s	load1=33.9
C2_cpu2x_warm	NEW	9.0	rc=0	16.1s	load1=34.0
C2_cpu2x_warm	OLD	9.0	rc=1	8.1s	load1=33.6
C3_cpu2x_cold	NEW	0.0	rc=0	53.5s	load1=31.0
C3_cpu2x_cold	OLD	0.0	rc=1	24.5s	load1=30.1
C3_cpu2x_cold	NEW	1.0	rc=0	44.9s	load1=28.6
C3_cpu2x_cold	OLD	1.0	rc=1	24.8s	load1=28.3
C3_cpu2x_cold	NEW	2.0	rc=0	46.9s	load1=28.1
C3_cpu2x_cold	OLD	2.0	rc=1	22.9s	load1=27.3
C3_cpu2x_cold	NEW	3.0	rc=0	38.9s	load1=29.8
C3_cpu2x_cold	OLD	3.0	rc=1	27.0s	load1=29.6
C3_cpu2x_cold	NEW	4.0	rc=0	58.3s	load1=30.0
C3_cpu2x_cold	OLD	4.0	rc=1	24.4s	load1=32.3
C3_cpu2x_cold	NEW	5.0	rc=0	48.1s	load1=29.2
C3_cpu2x_cold	OLD	5.0	rc=1	25.5s	load1=29.9
C3_cpu2x_cold	NEW	6.0	rc=0	51.2s	load1=28.2
C3_cpu2x_cold	OLD	6.0	rc=1	23.6s	load1=28.6
C3_cpu2x_cold	NEW	7.0	rc=0	55.0s	load1=28.4
C3_cpu2x_cold	OLD	7.0	rc=1	24.0s	load1=29.2
C3_cpu2x_cold	NEW	8.0	rc=0	47.0s	load1=29.0
C3_cpu2x_cold	OLD	8.0	rc=1	25.8s	load1=28.6
C3_cpu2x_cold	NEW	9.0	rc=0	40.9s	load1=25.9
C3_cpu2x_cold	OLD	9.0	rc=1	17.1s	load1=25.1
C4_cpu2x_cold_4concurrent	NEW	0.0	rc=0	46.5s	load1=26.3
C4_cpu2x_cold_4concurrent	NEW	0.1	rc=0	46.5s	load1=26.3
C4_cpu2x_cold_4concurrent	NEW	0.2	rc=0	46.5s	load1=26.3
C4_cpu2x_cold_4concurrent	NEW	0.3	rc=0	46.5s	load1=26.3
C4_cpu2x_cold_4concurrent	OLD	0.0	rc=1	22.9s	load1=27.5
C4_cpu2x_cold_4concurrent	OLD	0.1	rc=1	23.5s	load1=27.5
C4_cpu2x_cold_4concurrent	OLD	0.2	rc=1	23.5s	load1=27.5
C4_cpu2x_cold_4concurrent	OLD	0.3	rc=1	23.5s	load1=27.5
C4_cpu2x_cold_4concurrent	NEW	1.0	rc=0	47.5s	load1=27.7
C4_cpu2x_cold_4concurrent	NEW	1.1	rc=0	48.2s	load1=27.7
C4_cpu2x_cold_4concurrent	NEW	1.2	rc=0	48.2s	load1=27.7
C4_cpu2x_cold_4concurrent	NEW	1.3	rc=0	48.2s	load1=27.7
C4_cpu2x_cold_4concurrent	OLD	1.0	rc=1	23.7s	load1=27.8
C4_cpu2x_cold_4concurrent	OLD	1.1	rc=1	23.7s	load1=27.8
C4_cpu2x_cold_4concurrent	OLD	1.2	rc=1	23.7s	load1=27.8
C4_cpu2x_cold_4concurrent	OLD	1.3	rc=1	23.8s	load1=27.8

SUMMARY condition	which	runs	failures
C0_idle_warm	NEW	10	0
C0_idle_warm	OLD	10	0
C1_cold_start	NEW	10	0
C1_cold_start	OLD	10	10
C2_cpu2x_warm	NEW	10	0
C2_cpu2x_warm	OLD	10	10
C3_cpu2x_cold	NEW	10	0
C3_cpu2x_cold	OLD	10	10
C4_cpu2x_cold_4concurrent	NEW	8	0
C4_cpu2x_cold_4concurrent	OLD	8	8
NEW_CONSUMER_FAILURES=0  OLD_WITNESS_FAILURES=38
LOAD_CONTENTION_PROOF::PASS
LOAD_CONDITIONS_EFFECTIVE::YES (old consumer broken under load)
