============================= test session starts ==============================
platform linux -- Python 3.13.15, pytest-9.1.1, pluggy-1.6.0
rootdir: /home/codi/Entwicklung/nquiry/worktrees/orange-proof-lineage/evidence/proof_env_allowlist/canonical/root/worktrees/orange-proof-infra
configfile: pytest.ini
plugins: cov-7.1.0, xdist-3.8.0, anyio-4.15.1, hypothesis-6.168.3
collected 2 items

tests/security/test_dev_identity_provisioning.py F                       [ 50%]
tests/e2e/test_pfc_f09_1_technical_failure.py F                          [100%]

=================================== FAILURES ===================================
_______________________ test_malformed_input_is_refused ________________________

    def test_malformed_input_is_refused() -> None:
>       assert os.environ.get("ORANGE_SYNTH_FAIL") != "1"
E       AssertionError: assert '1' != '1'
E        +  where '1' = get('ORANGE_SYNTH_FAIL')
E        +    where get = environ({'DATABASE_URL': 'postgresql+psycopg://nquiry:nquiry_local_dev_only@127.0.0.1:15432/nquiry_proof_serial_test',...1', 'PYTEST_CURRENT_TEST': 'tests/security/test_dev_identity_provisioning.py::test_malformed_input_is_refused (call)'}).get
E        +      where environ({'DATABASE_URL': 'postgresql+psycopg://nquiry:nquiry_local_dev_only@127.0.0.1:15432/nquiry_proof_serial_test',...1', 'PYTEST_CURRENT_TEST': 'tests/security/test_dev_identity_provisioning.py::test_malformed_input_is_refused (call)'}) = os.environ

tests/security/test_dev_identity_provisioning.py:5: AssertionError
_______ test_worker_loop_survives_a_database_outage_and_stops_gracefully _______

    def test_worker_loop_survives_a_database_outage_and_stops_gracefully() -> None:
>       assert os.environ.get("ORANGE_SYNTH_FAIL") != "1"
E       AssertionError: assert '1' != '1'
E        +  where '1' = get('ORANGE_SYNTH_FAIL')
E        +    where get = environ({'DATABASE_URL': 'postgresql+psycopg://nquiry:nquiry_local_dev_only@127.0.0.1:15432/nquiry_proof_serial_test',...sts/e2e/test_pfc_f09_1_technical_failure.py::test_worker_loop_survives_a_database_outage_and_stops_gracefully (call)'}).get
E        +      where environ({'DATABASE_URL': 'postgresql+psycopg://nquiry:nquiry_local_dev_only@127.0.0.1:15432/nquiry_proof_serial_test',...sts/e2e/test_pfc_f09_1_technical_failure.py::test_worker_loop_survives_a_database_outage_and_stops_gracefully (call)'}) = os.environ

tests/e2e/test_pfc_f09_1_technical_failure.py:5: AssertionError
- generated xml file: /home/codi/Entwicklung/nquiry/worktrees/orange-proof-lineage/evidence/proof_env_allowlist/canonical/s4f_pp_serial.d/serial_junit.xml -
=========================== short test summary info ============================
FAILED tests/security/test_dev_identity_provisioning.py::test_malformed_input_is_refused
FAILED tests/e2e/test_pfc_f09_1_technical_failure.py::test_worker_loop_survives_a_database_outage_and_stops_gracefully
============================== 2 failed in 1.11s ===============================
