I_SELECTOR_SERIAL_EXACTLY_3::PASS 
I_SELECTOR_COMPLEMENT_EXACTLY_2236::PASS 
I_DISJOINT_RAW::PASS 
I_RAW_UNION_EQUALS_FULL::PASS 
I_SERIAL_CONTAINS_BOTH_VOLATILE_IDS::PASS volatile=2
I_NO_VOLATILE_ID_OUTSIDE_SERIAL::PASS 
II_ACTUAL_PARTITION_PROVEN::PASS []
II_CANONICAL_INJECTIVE_PER_PARTITION_AND_UNION::PASS 
II_STABLE_RAW_IDS_IDENTICAL::PASS xdist partition raw == selector view
raw volatile ids preserved: {'full': ['dev-5cad18f404@dev.local', 'dev-e4587e5d4d@dev.local'], 'serial': ['dev-adcd10f92b@dev.local', 'dev-f64a37805e@dev.local']}
FALSIFIER_DETECTS[omission_of_a_serial_node]::PASS ['SERIAL_EXACTLY_3', 'UNION_NOT_EQUAL_FULL', 'SERIAL_NOT_EXACTLY_THE_VOLATILE_FUNCTION']
FALSIFIER_DETECTS[serial_node_included_in_xdist]::PASS ['SERIAL_EXACTLY_3', 'XDIST_EXACTLY_2236', 'SERIAL_NOT_EXACTLY_THE_VOLATILE_FUNCTION', 'SERIAL_NODE_IN_XDIST_PARTITION']
FALSIFIER_DETECTS[overlap_between_partitions]::PASS ['XDIST_EXACTLY_2236', 'PARTITIONS_OVERLAP', 'UNION_NOT_EQUAL_FULL', 'SERIAL_NODE_IN_XDIST_PARTITION']
FALSIFIER_DETECTS[drift_2235_4]::PASS ['SERIAL_EXACTLY_3', 'XDIST_EXACTLY_2236', 'SERIAL_NOT_EXACTLY_THE_VOLATILE_FUNCTION']
FALSIFIER_DETECTS[drift_2237_2]::PASS ['SERIAL_EXACTLY_3', 'XDIST_EXACTLY_2236', 'SERIAL_NOT_EXACTLY_THE_VOLATILE_FUNCTION', 'SERIAL_NODE_IN_XDIST_PARTITION']
FALSIFIER_DETECTS[xdist_node_dropped]::PASS ['XDIST_EXACTLY_2236', 'UNION_NOT_EQUAL_FULL', 'STABLE_RAW_UNION_NOT_EQUAL_FULL']
FALSIFIER_DETECTS[semantically_distinct_nodes_collapse]::PASS ['UNION_NOT_EQUAL_FULL', 'SERIAL_NOT_EXACTLY_THE_VOLATILE_FUNCTION']
FALSIFIER_NO_CANONICAL_COLLAPSE[distinct params]::PASS 
FALSIFIER_CANONICAL_MAP_REJECTS_MERGE::PASS same-node volatile variants in one set are refused
PARTITION_PROOF::PASS (18/18)
