E1_ALL_PASS_EXITS_0::PASS
E2_FAIL_VERDICT_EXITS_NONZERO::PASS
E3_MISSING_VERDICT_EXITS_NONZERO::PASS
E4_TIMEOUT_EXITS_NONZERO::PASS
E5_CHILD_STAGE_FAILURE_EXITS_NONZERO::PASS
E5b_EXIT_0_BEFORE_FINAL_VERDICT_BECOMES_NONZERO::PASS
E6a_REFUSED_PRE_PHASE_STOPS_WITH_1::PASS
E6b_EXISTING_CLOSURE_DIR_STILL_REFUSED_WITH_1::PASS
E7_HISTORICAL_PCPG5_FAIL_EVIDENCE_EXITS_NONZERO::PASS
E8a_CANONICAL_E2E_PASS_EVIDENCE_EXITS_0::PASS
E8b_SWU_PX_03_PASS_EVIDENCE_EXITS_0::PASS
E8c_SWU_PX_03_FAILED_FIRST_RUN_EXITS_NONZERO::PASS
E9_HEARTBEAT_CANNOT_TURN_FAILURE_INTO_EXIT_0::PASS
E10_PROOF_END_ONCE_AND_LAST::PASS
E10b_NO_SPURIOUS_PROOF_END_FROM_HEARTBEAT_FORK_RACE::PASS
   info: base helper runs with a spurious PROOF_END: 5/30 (TF-PX-06 present at 64e9113d65df80a67e384c250448880165dfc2ca)
   base TF-PX-06 artifacts removed in e11_base_e7: 1
   base TF-PX-06 artifacts removed in e11_base_e8a: 1
   base TF-PX-06 artifacts removed in e11_base_e2: 0
E11_EVENT_OUTPUT_UNCHANGED_VS_BASE::PASS
E11b_BASE_HELPER_REALLY_EXITED_0_ON_FAIL::PASS
E12_NO_ORPHAN_PROCESS::PASS
EXIT_STATUS_FALSIFIERS::PASS
