== MX1_always_exit_0: rc=1 -> KILLED
    E2_FAIL_VERDICT_EXITS_NONZERO::FAIL (rc=0)
    E3_MISSING_VERDICT_EXITS_NONZERO::FAIL (rc=0)
    E4_TIMEOUT_EXITS_NONZERO::FAIL (rc=0)
    E5_CHILD_STAGE_FAILURE_EXITS_NONZERO::FAIL (rc=0)
    E5b_EXIT_0_BEFORE_FINAL_VERDICT_BECOMES_NONZERO::FAIL (rc=0)
    E6a_REFUSED_PRE_PHASE_STOPS_WITH_1::FAIL (rc=0)
    E7_HISTORICAL_PCPG5_FAIL_EVIDENCE_EXITS_NONZERO::FAIL (rc=0)
    E8c_SWU_PX_03_FAILED_FIRST_RUN_EXITS_NONZERO::FAIL (rc=0)
    E9_HEARTBEAT_CANNOT_TURN_FAILURE_INTO_EXIT_0::FAIL (rc=0)
    EXIT_STATUS_FALSIFIERS::FAIL (9)
== MX2_inverted_exit_status: rc=1 -> KILLED
    E1_ALL_PASS_EXITS_0::FAIL (rc=1)
    E2_FAIL_VERDICT_EXITS_NONZERO::FAIL (rc=0)
    E3_MISSING_VERDICT_EXITS_NONZERO::FAIL (rc=0)
    E4_TIMEOUT_EXITS_NONZERO::FAIL (rc=0)
    E5_CHILD_STAGE_FAILURE_EXITS_NONZERO::FAIL (rc=0)
    E7_HISTORICAL_PCPG5_FAIL_EVIDENCE_EXITS_NONZERO::FAIL (rc=0)
    E8a_CANONICAL_E2E_PASS_EVIDENCE_EXITS_0::FAIL (rc=1)
    E8b_SWU_PX_03_PASS_EVIDENCE_EXITS_0::FAIL (rc=1)
    E8c_SWU_PX_03_FAILED_FIRST_RUN_EXITS_NONZERO::FAIL (rc=0)
    E9_HEARTBEAT_CANNOT_TURN_FAILURE_INTO_EXIT_0::FAIL (rc=0)
    EXIT_STATUS_FALSIFIERS::FAIL (10)
== MX3_missing_verdict_exits_0: rc=1 -> KILLED
    E3_MISSING_VERDICT_EXITS_NONZERO::FAIL (rc=0)
    EXIT_STATUS_FALSIFIERS::FAIL (1)
== MX4_timeout_exits_0: rc=1 -> KILLED
    E4_TIMEOUT_EXITS_NONZERO::FAIL (rc=0)
    EXIT_STATUS_FALSIFIERS::FAIL (1)
== MX5_PASS_emitted_regardless: rc=1 -> KILLED
    E2_FAIL_VERDICT_EXITS_NONZERO::FAIL (rc=1)
    E3_MISSING_VERDICT_EXITS_NONZERO::FAIL (rc=1)
    E4_TIMEOUT_EXITS_NONZERO::FAIL (rc=1)
    E5_CHILD_STAGE_FAILURE_EXITS_NONZERO::FAIL (rc=1)
    E7_HISTORICAL_PCPG5_FAIL_EVIDENCE_EXITS_NONZERO::FAIL (rc=1)
    E9_HEARTBEAT_CANNOT_TURN_FAILURE_INTO_EXIT_0::FAIL (rc=1)
    E11_EVENT_OUTPUT_UNCHANGED_VS_BASE::FAIL 
    EXIT_STATUS_FALSIFIERS::FAIL (7)
== MX6_heartbeat_controls_exit: rc=1 -> KILLED
    E2_FAIL_VERDICT_EXITS_NONZERO::FAIL (rc=0)
    E3_MISSING_VERDICT_EXITS_NONZERO::FAIL (rc=0)
    E4_TIMEOUT_EXITS_NONZERO::FAIL (rc=0)
    E5_CHILD_STAGE_FAILURE_EXITS_NONZERO::FAIL (rc=0)
    E8a_CANONICAL_E2E_PASS_EVIDENCE_EXITS_0::FAIL (rc=143)
    E9_HEARTBEAT_CANNOT_TURN_FAILURE_INTO_EXIT_0::FAIL (rc=0)
    EXIT_STATUS_FALSIFIERS::FAIL (6)
== MX7_TF_PX_06_guard_removed: rc=1 -> KILLED
    E10b_NO_SPURIOUS_PROOF_END_FROM_HEARTBEAT_FORK_RACE::FAIL 
    EXIT_STATUS_FALSIFIERS::FAIL (1)
MUTATION_RESULT::PASS (7/7 killed)
