============================= test session starts ==============================
platform linux -- Python 3.13.15, pytest-9.1.1, pluggy-1.6.0
rootdir: /home/codi/Entwicklung/nquiry/worktrees/orange-proof-lineage/evidence/proof_env_allowlist/canonical/root/worktrees/orange-proof-infra
configfile: pytest.ini
plugins: cov-7.1.0, xdist-3.8.0, anyio-4.15.1, hypothesis-6.168.3
collected 10 items

tests/e2e/test_pfc_f09_1_technical_failure.py .                          [ 10%]
tests/security/test_dev_identity_provisioning.py .                       [ 20%]
tests/test_other.py ........                                             [100%]

==================================== PASSES ====================================
- generated xml file: /home/codi/Entwicklung/nquiry/worktrees/orange-proof-lineage/evidence/proof_env_allowlist/canonical/s4p_sb_run.d/junit.xml -
=========================== short test summary info ============================
PASSED tests/e2e/test_pfc_f09_1_technical_failure.py::test_worker_loop_survives_a_database_outage_and_stops_gracefully
PASSED tests/security/test_dev_identity_provisioning.py::test_malformed_input_is_refused
PASSED tests/test_other.py::test_other[0]
PASSED tests/test_other.py::test_other[1]
PASSED tests/test_other.py::test_other[2]
PASSED tests/test_other.py::test_other[3]
PASSED tests/test_other.py::test_other[4]
PASSED tests/test_other.py::test_other[5]
PASSED tests/test_other.py::test_other[6]
PASSED tests/test_other.py::test_other[7]
============================== 10 passed in 1.17s ==============================
