canonical identities: 2252 (volatile raw ids canonicalized: 2)
    test_malformed_input_is_refused[dev-<uuid4hex10>@dev.local.test- -dev-password-123]  raw collected=test_malformed_input_is_refused[dev-e6f8f0b087@dev.local.test- -dev-password-123]  raw executed=['test_malformed_input_is_refused[dev-b9ddd5062d@dev.local.test- -dev-password-123]']  = passed
    test_malformed_input_is_refused[dev-<uuid4hex10>@dev.local.test-A-short]  raw collected=test_malformed_input_is_refused[dev-f5f05dee38@dev.local.test-A-short]  raw executed=['test_malformed_input_is_refused[dev-8f8c0805a3@dev.local.test-A-short]']  = passed
collected=2252 executed_in_junit=2252 counts={'passed': 2250, 'skipped': 2}
concurrency states: ['passed']
COLLECTED_2252::PASS
EXECUTED_SET_EQUALS_COLLECTION::PASS
SKIP_SET_EQUALS_DECLARED_2::PASS
ZERO_FAILURES_ERRORS::PASS
CONCURRENCY_13_EXECUTED::PASS
EXIT_CODE_0::PASS
TREE_UNCHANGED::PASS
ENV_MANIFEST_UNCHANGED::PASS
GUARD_GREEN_BEFORE_AND_AFTER::PASS
PROOF_DBS_SAME_HEAD_FINGERPRINT::PASS
PROOF_DBS_CLEAN_AFTER::PASS
PROOF_DBS_NO_CONNECTIONS_AFTER::PASS
NO_RESIDUAL_RACE_DB::PASS
NO_RESIDUAL_ZZ_PKG25_ROLE::PASS
SERIAL_BASELINE::PASS
