
Running 18 tests using 4 workers

  ✓   4 [desktop] › tests/e2e/cy01-field.spec.ts:222:3 › WU-CY-01: the ANALYSIS boundary as a projected affordance (HD-27, pinned producer B5) › a governed Session shows its proof mode in the proof chamber only (no fixture tag at the core) (6.5s)
  ✓   2 [desktop] › tests/e2e/cy01-field.spec.ts:198:3 › WU-CY-01: the ANALYSIS boundary as a projected affordance (HD-27, pinned producer B5) › not available: no button; the producer's reason stays verbatim as a classed boundary (MISSING_AUTHORITY), never an alert (8.3s)
  ✓   3 [desktop] › tests/e2e/cy01-field.spec.ts:210:3 › WU-CY-01: the ANALYSIS boundary as a projected affordance (HD-27, pinned producer B5) › a Fixture Session reads FIXTURE_NON_PROOF at the core, on the path and in the proof chamber; a mock artifact is MOCK / NON_PROOF; no derived text is rendered (8.4s)
  ✓   5 [desktop] › tests/e2e/cy01-field.spec.ts:229:3 › WU-CY-01: the ANALYSIS boundary as a projected affordance (HD-27, pinned producer B5) › UNAVAILABLE / PENDING analysis: honest state words with the producer's reason code; not an error (6.3s)
  ✓   1 [desktop] › tests/e2e/cy01-field.spec.ts:143:3 › WU-CY-01: the ANALYSIS boundary as a projected affordance (HD-27, pinned producer B5) › QUESTION_CAPTURE with BEGIN_ANALYSIS available: the lawful next transition sits in the frozen chamber; ANALYSIS is a later phase; the ring waits for the canonical re-read; then ANALYSIS is current and the derived chamber appears AI-derived and NON_PROOF (13.6s)
  ✓   7 [desktop] › tests/e2e/cy01-field.spec.ts:247:3 › WU-CY-01: the ANALYSIS boundary as a projected affordance (HD-27, pinned producer B5) › REGRESSION: an F03-shaped position (no new keys) renders exactly as before — no analysis chamber, no Begin analysis, no proof mode (6.4s)
  ✓   6 [desktop] › tests/e2e/cy01-field.spec.ts:240:3 › WU-CY-01: the ANALYSIS boundary as a projected affordance (HD-27, pinned producer B5) › outside the frozen-set audience the producer hides the derived field; nothing is shown and nothing is inferred (6.6s)
  ✓   9 [desktop] › tests/e2e/cy01-field.spec.ts:281:3 › WU-CY-01: the ANALYSIS boundary as a projected affordance (HD-27, pinned producer B5) › responsive: the derived chamber adds no horizontal overflow and keeps its text ≥ 11.5 px (5.4s)
  ✓  10 [mobile] › tests/e2e/cy01-field.spec.ts:198:3 › WU-CY-01: the ANALYSIS boundary as a projected affordance (HD-27, pinned producer B5) › not available: no button; the producer's reason stays verbatim as a classed boundary (MISSING_AUTHORITY), never an alert (6.3s)
  ✓   8 [desktop] › tests/e2e/cy01-field.spec.ts:261:3 › WU-CY-01: the ANALYSIS boundary as a projected affordance (HD-27, pinned producer B5) › Challenge field: opening a Fixture Session is an explicit human choice sent as `fixture: true`; the default body stays `{}` (14.3s)
  ✓  11 [mobile] › tests/e2e/cy01-field.spec.ts:143:3 › WU-CY-01: the ANALYSIS boundary as a projected affordance (HD-27, pinned producer B5) › QUESTION_CAPTURE with BEGIN_ANALYSIS available: the lawful next transition sits in the frozen chamber; ANALYSIS is a later phase; the ring waits for the canonical re-read; then ANALYSIS is current and the derived chamber appears AI-derived and NON_PROOF (9.2s)
  ✓  12 [mobile] › tests/e2e/cy01-field.spec.ts:210:3 › WU-CY-01: the ANALYSIS boundary as a projected affordance (HD-27, pinned producer B5) › a Fixture Session reads FIXTURE_NON_PROOF at the core, on the path and in the proof chamber; a mock artifact is MOCK / NON_PROOF; no derived text is rendered (6.8s)
  ✓  13 [mobile] › tests/e2e/cy01-field.spec.ts:222:3 › WU-CY-01: the ANALYSIS boundary as a projected affordance (HD-27, pinned producer B5) › a governed Session shows its proof mode in the proof chamber only (no fixture tag at the core) (4.3s)
  ✓  14 [mobile] › tests/e2e/cy01-field.spec.ts:240:3 › WU-CY-01: the ANALYSIS boundary as a projected affordance (HD-27, pinned producer B5) › outside the frozen-set audience the producer hides the derived field; nothing is shown and nothing is inferred (4.6s)
  ✓  15 [mobile] › tests/e2e/cy01-field.spec.ts:247:3 › WU-CY-01: the ANALYSIS boundary as a projected affordance (HD-27, pinned producer B5) › REGRESSION: an F03-shaped position (no new keys) renders exactly as before — no analysis chamber, no Begin analysis, no proof mode (5.1s)
  ✓  16 [mobile] › tests/e2e/cy01-field.spec.ts:261:3 › WU-CY-01: the ANALYSIS boundary as a projected affordance (HD-27, pinned producer B5) › Challenge field: opening a Fixture Session is an explicit human choice sent as `fixture: true`; the default body stays `{}` (7.1s)
  ✓  18 [mobile] › tests/e2e/cy01-field.spec.ts:281:3 › WU-CY-01: the ANALYSIS boundary as a projected affordance (HD-27, pinned producer B5) › responsive: the derived chamber adds no horizontal overflow and keeps its text ≥ 11.5 px (4.9s)
  ✓  17 [mobile] › tests/e2e/cy01-field.spec.ts:229:3 › WU-CY-01: the ANALYSIS boundary as a projected affordance (HD-27, pinned producer B5) › UNAVAILABLE / PENDING analysis: honest state words with the producer's reason code; not an error (6.0s)

  18 passed (47.8s)
