== MO1_exit_always_0: rc=1 -> KILLED
    O1a_CHILD_EXIT_STATUS_IS_RETURNED_UNMAPPED::FAIL 
    O1b_SIGNAL_DEATH_OF_THE_CHILD_IS_128_PLUS_N::FAIL (0, 0)
    O1c_UNSTARTABLE_COMMAND_IS_127_AND_REPORTED::FAIL (0)
    O2_START_HEARTBEAT_AND_EXACTLY_ONE_TERMINAL_EVENT::FAIL 
    O6a_CONSUMER_EVIDENCE_BLOCK_AND_EXIT_STATUS_IDENTICAL_WITH_AND_WITHOUT_OBSERVER::FAIL 
    O7_NESTED_OBSERVATION_COMPOSES::FAIL (0)
    O9_EVENT_SINK_FAILURE_NEVER_CHANGES_THE_RUN_OR_ITS_STATUS::FAIL (closed stderr rc=0, bad sink rc=0)
    O11a_SELF_CONTAINED_CLOSURE_OF_TWO_FILES::FAIL (0)
    SFE_OBSERVE_FALSIFIERS::FAIL (8)
== MO2_exit_mapped_to_0_or_1: rc=1 -> KILLED
    O1a_CHILD_EXIT_STATUS_IS_RETURNED_UNMAPPED::FAIL 
    O1b_SIGNAL_DEATH_OF_THE_CHILD_IS_128_PLUS_N::FAIL (1, 1)
    O1c_UNSTARTABLE_COMMAND_IS_127_AND_REPORTED::FAIL (1)
    O2_START_HEARTBEAT_AND_EXACTLY_ONE_TERMINAL_EVENT::FAIL 
    O7_NESTED_OBSERVATION_COMPOSES::FAIL (1)
    O9_EVENT_SINK_FAILURE_NEVER_CHANGES_THE_RUN_OR_ITS_STATUS::FAIL (closed stderr rc=1, bad sink rc=1)
    O11a_SELF_CONTAINED_CLOSURE_OF_TWO_FILES::FAIL (1)
    SFE_OBSERVE_FALSIFIERS::FAIL (7)
== MO3_events_on_stdout: rc=1 -> KILLED
    O1c_UNSTARTABLE_COMMAND_IS_127_AND_REPORTED::FAIL (127)
    O2_START_HEARTBEAT_AND_EXACTLY_ONE_TERMINAL_EVENT::FAIL 
    O3a_STDIN_AND_STDOUT_BYTE_IDENTICAL::FAIL 
    O3b_STDERR_IS_CHILD_STDERR_PLUS_EVENTS_AND_NO_EVENT_ON_STDOUT::FAIL 
    O3d_ARGUMENTS_VERBATIM::FAIL 
    O3e_ENVIRONMENT_CWD_AND_DESCRIPTORS_UNCHANGED::FAIL (names + digest; a credential in the environment reaches the child unchanged)
    O4b_NO_COMMAND_LINE_NO_SECRET_IN_EVENTS::FAIL 
    O5_OPTIONAL_PROGRESS_FROM_A_NAMED_LOG::FAIL 
    O6a_CONSUMER_EVIDENCE_BLOCK_AND_EXIT_STATUS_IDENTICAL_WITH_AND_WITHOUT_OBSERVER::FAIL 
    O6b_OPAQUE_CONSUMER_RUN_BECOMES_OBSERVABLE_WITHOUT_CHANGING_THE_CONSUMER::FAIL (direct run: 0 bytes of liveness; observed: 0 heartbeat(s))
    O7_NESTED_OBSERVATION_COMPOSES::FAIL (6)
    O9_EVENT_SINK_FAILURE_NEVER_CHANGES_THE_RUN_OR_ITS_STATUS::FAIL (closed stderr rc=3, bad sink rc=4)
    O11a_SELF_CONTAINED_CLOSURE_OF_TWO_FILES::FAIL (9)
    SFE_OBSERVE_FALSIFIERS::FAIL (13)
== MO4_terminal_event_always_rc_0: rc=1 -> KILLED
    O1c_UNSTARTABLE_COMMAND_IS_127_AND_REPORTED::FAIL (127)
    O2_START_HEARTBEAT_AND_EXACTLY_ONE_TERMINAL_EVENT::FAIL 
    O6b_OPAQUE_CONSUMER_RUN_BECOMES_OBSERVABLE_WITHOUT_CHANGING_THE_CONSUMER::FAIL (direct run: 0 bytes of liveness; observed: 2 heartbeat(s))
    O7_NESTED_OBSERVATION_COMPOSES::FAIL (6)
    O9_EVENT_SINK_FAILURE_NEVER_CHANGES_THE_RUN_OR_ITS_STATUS::FAIL (closed stderr rc=3, bad sink rc=4)
    O11a_SELF_CONTAINED_CLOSURE_OF_TWO_FILES::FAIL (9)
    SFE_OBSERVE_FALSIFIERS::FAIL (6)
== MO5_stdin_dropped: rc=1 -> KILLED
    O3a_STDIN_AND_STDOUT_BYTE_IDENTICAL::FAIL 
    SFE_OBSERVE_FALSIFIERS::FAIL (1)
== MO6_arguments_reparsed: rc=1 -> KILLED
    O1a_CHILD_EXIT_STATUS_IS_RETURNED_UNMAPPED::FAIL 
    O1b_SIGNAL_DEATH_OF_THE_CHILD_IS_128_PLUS_N::FAIL (2, 2)
    O2_START_HEARTBEAT_AND_EXACTLY_ONE_TERMINAL_EVENT::FAIL 
    O3c_EVENTS_FILE_KEEPS_STDERR_BYTE_IDENTICAL_AND_IS_APPENDED::FAIL 
    O3d_ARGUMENTS_VERBATIM::FAIL 
    O3e_ENVIRONMENT_CWD_AND_DESCRIPTORS_UNCHANGED::FAIL (names + digest; a credential in the environment reaches the child unchanged)
    O4b_NO_COMMAND_LINE_NO_SECRET_IN_EVENTS::FAIL 
    O5_OPTIONAL_PROGRESS_FROM_A_NAMED_LOG::FAIL 
    O7_NESTED_OBSERVATION_COMPOSES::FAIL (0)
    O8a_TERMINATED_OBSERVER_IS_NONZERO_REPORTS_NO_END_AND_LEAVES_THE_PROOF_RUNNING::FAIL (rc=143 child_alive=0 hb=1/1)
    O8b_KILLED_OBSERVER_LEAVES_NO_HEARTBEAT_AND_THE_PROOF_RUNNING::FAIL (child_alive=0 hb=1/1)
    O9_EVENT_SINK_FAILURE_NEVER_CHANGES_THE_RUN_OR_ITS_STATUS::FAIL (closed stderr rc=3, bad sink rc=4)
    O11a_SELF_CONTAINED_CLOSURE_OF_TWO_FILES::FAIL (0)
    O14b_NO_CREDENTIAL_VALUE_FROM_THE_ENVIRONMENT_IN_ANY_EVIDENCE_FILE::FAIL (1 file(s))
    O14d_THIS_RUNS_OWN_EVIDENCE_PASSES_THE_GATE::FAIL (EVIDENCE_SECRET_GATE::FAIL (1) (138 files, 1 candidate environment variables))
    SFE_OBSERVE_FALSIFIERS::FAIL (15)
== MO7_command_line_echoed: rc=1 -> KILLED
    O4a_EVENTS_STAY_INSIDE_THE_GRAMMAR_AND_NEVER_CARRY_A_VERDICT::FAIL 
    O4b_NO_COMMAND_LINE_NO_SECRET_IN_EVENTS::FAIL 
    O7_NESTED_OBSERVATION_COMPOSES::FAIL (6)
    O14b_NO_CREDENTIAL_VALUE_FROM_THE_ENVIRONMENT_IN_ANY_EVIDENCE_FILE::FAIL (1 file(s))
    O14d_THIS_RUNS_OWN_EVIDENCE_PASSES_THE_GATE::FAIL (EVIDENCE_SECRET_GATE::FAIL (1) (139 files, 1 candidate environment variables))
    SFE_OBSERVE_FALSIFIERS::FAIL (5)
== MO8_event_descriptor_leaked_to_child: rc=1 -> KILLED
    O3e_ENVIRONMENT_CWD_AND_DESCRIPTORS_UNCHANGED::FAIL (names + digest; a credential in the environment reaches the child unchanged)
    SFE_OBSERVE_FALSIFIERS::FAIL (1)
== MO9_heartbeat_carries_a_verdict: rc=1 -> KILLED
    O4a_EVENTS_STAY_INSIDE_THE_GRAMMAR_AND_NEVER_CARRY_A_VERDICT::FAIL 
    O12_ORANGE_CHAIN_AND_HELPER_BYTE_IDENTICAL_TO_BASE::FAIL 
    SFE_OBSERVE_FALSIFIERS::FAIL (2)
== MO10_terminated_observer_stops_the_proof: rc=1 -> KILLED
    O8a_TERMINATED_OBSERVER_IS_NONZERO_REPORTS_NO_END_AND_LEAVES_THE_PROOF_RUNNING::FAIL (rc=143 child_alive=0 hb=4/4)
    SFE_OBSERVE_FALSIFIERS::FAIL (1)
== MO11_usage_error_exits_0: rc=1 -> KILLED
    O10_USAGE_ERROR_IS_2_RUNS_NOTHING_EMITS_NOTHING::FAIL 
    SFE_OBSERVE_FALSIFIERS::FAIL (1)
== MO12_unusable_event_sink_aborts_the_run: rc=1 -> KILLED
    O9_EVENT_SINK_FAILURE_NEVER_CHANGES_THE_RUN_OR_ITS_STATUS::FAIL (closed stderr rc=3, bad sink rc=1)
    SFE_OBSERVE_FALSIFIERS::FAIL (1)
== MO13_observer_reports_a_verdict_on_success: rc=1 -> KILLED
    O2_START_HEARTBEAT_AND_EXACTLY_ONE_TERMINAL_EVENT::FAIL 
    O4a_EVENTS_STAY_INSIDE_THE_GRAMMAR_AND_NEVER_CARRY_A_VERDICT::FAIL 
    O7_NESTED_OBSERVATION_COMPOSES::FAIL (6)
    SFE_OBSERVE_FALSIFIERS::FAIL (3)
== MO14_verdict_machinery_installed: rc=1 -> KILLED
    O1a_CHILD_EXIT_STATUS_IS_RETURNED_UNMAPPED::FAIL 
    O2_START_HEARTBEAT_AND_EXACTLY_ONE_TERMINAL_EVENT::FAIL 
    O3a_STDIN_AND_STDOUT_BYTE_IDENTICAL::FAIL 
    O3d_ARGUMENTS_VERBATIM::FAIL 
    O3e_ENVIRONMENT_CWD_AND_DESCRIPTORS_UNCHANGED::FAIL (names + digest; a credential in the environment reaches the child unchanged)
    O4a_EVENTS_STAY_INSIDE_THE_GRAMMAR_AND_NEVER_CARRY_A_VERDICT::FAIL 
    O4b_NO_COMMAND_LINE_NO_SECRET_IN_EVENTS::FAIL 
    O6a_CONSUMER_EVIDENCE_BLOCK_AND_EXIT_STATUS_IDENTICAL_WITH_AND_WITHOUT_OBSERVER::FAIL 
    O7_NESTED_OBSERVATION_COMPOSES::FAIL (6)
    O11c_ONE_EVENT_IMPLEMENTATION_AND_NO_VERDICT_MACHINERY::FAIL 
    SFE_OBSERVE_FALSIFIERS::FAIL (10)
== MO15_observer_dumps_the_environment_into_events: rc=1 -> KILLED
    O3b_STDERR_IS_CHILD_STDERR_PLUS_EVENTS_AND_NO_EVENT_ON_STDOUT::FAIL 
    O3c_EVENTS_FILE_KEEPS_STDERR_BYTE_IDENTICAL_AND_IS_APPENDED::FAIL 
    O4b_NO_COMMAND_LINE_NO_SECRET_IN_EVENTS::FAIL 
    O14b_NO_CREDENTIAL_VALUE_FROM_THE_ENVIRONMENT_IN_ANY_EVIDENCE_FILE::FAIL (30 file(s))
    O14d_THIS_RUNS_OWN_EVIDENCE_PASSES_THE_GATE::FAIL (EVIDENCE_SECRET_GATE::FAIL (30) (139 files, 1 candidate environment variables))
    SFE_OBSERVE_FALSIFIERS::FAIL (5)
== MO16_publication_gate_always_passes: MUTATION NOT APPLIED
== MO17_publication_gate_prints_the_value: rc=1 -> KILLED
    O14c_PUBLICATION_GATE_DETECTS_AN_ENVIRONMENT_VALUE_WITHOUT_PRINTING_IT::FAIL (planted rc=1, clean rc=0)
    O14d_THIS_RUNS_OWN_EVIDENCE_PASSES_THE_GATE::FAIL (EVIDENCE_SECRET_GATE::FAIL (1) (139 files, 1 candidate environment variables))
    SFE_OBSERVE_FALSIFIERS::FAIL (2)
== MO18_gate_ignores_reachable_history: rc=1 -> KILLED
    O14e_GATE_SEES_A_VALUE_THAT_ONLY_REACHABLE_HISTORY_STILL_HOLDS::FAIL (tree rc=0, history rc=0)
    SFE_OBSERVE_FALSIFIERS::FAIL (1)
MUTATION_RESULT::FAIL (17/18 killed)
