============================= test session starts ==============================
platform linux -- Python 3.13.15, pytest-9.1.1, pluggy-1.6.0
ORANGE import-origin guard: bound to /home/codi/Entwicklung/nquiry/worktrees/swu-px-03 (env /home/codi/Entwicklung/nquiry/.venv-proof313-orange-swu)
ORANGE worker-DB binding: gwN -> nquiry_proof_gwN_test (xdist lane only)
rootdir: /home/codi/Entwicklung/nquiry/worktrees/swu-px-03
configfile: pyproject.toml
testpaths: tests, apps/api/tests
plugins: cov-7.1.0, nquiry-orange-guard-1.2.0+swupx03, xdist-3.8.0, anyio-4.15.1, hypothesis-6.168.3
collected 2252 items

tests/ai/test_aiop.py ........                                           [  0%]
tests/ai/test_burst_ai_block.py ........                                 [  0%]
tests/ai/test_context.py ........                                        [  1%]
tests/ai/test_derived_artifact.py .......                                [  1%]
tests/ai/test_gateway.py ........                                        [  1%]
tests/ai/test_generation.py ................                             [  2%]
tests/ai/test_mock_provider.py .......                                   [  2%]
tests/ai/test_prompt.py ........                                         [  3%]
tests/ai/test_validator.py ........                                      [  3%]
tests/authority/test_authority_binding_repository.py .....               [  3%]
tests/authority/test_decision_authority.py ......                        [  3%]
tests/authority/test_membership_repository.py .....                      [  4%]
tests/authority/test_question_selection_authority.py .....               [  4%]
tests/authority/test_resolver.py ................                        [  5%]
tests/boundaries/test_bnd_001_identity.py ....                           [  5%]
tests/boundaries/test_bnd_002_workspace.py .....                         [  5%]
tests/boundaries/test_bnd_003_membership.py .....                        [  5%]
tests/boundaries/test_bnd_004_role_context.py ....                       [  5%]
tests/boundaries/test_bnd_005_human_authority.py ......                  [  6%]
tests/boundaries/test_bnd_006_human_decision.py ....                     [  6%]
tests/boundaries/test_bnd_007_state_transition.py ...........            [  6%]
tests/boundaries/test_bnd_008_agrees_with_application_guard.py ......... [  7%]
........................................................................ [ 10%]
........................................................................ [ 13%]
........................                                                 [ 14%]
tests/boundaries/test_bnd_008_capture_input.py ........                  [ 15%]
tests/boundaries/test_bnd_008_question_burst.py .....                    [ 15%]
tests/boundaries/test_bnd_009_ai_invocation.py ........                  [ 15%]
tests/boundaries/test_bnd_010_ai_output.py .......                       [ 15%]
tests/boundaries/test_bnd_013_evidence.py ........                       [ 16%]
tests/boundaries/test_bnd_014_commit.py ...........                      [ 16%]
tests/boundaries/test_bnd_014_typed_authority.py .........               [ 17%]
tests/boundaries/test_bnd_017_failure_indeterminate.py ................  [ 17%]
tests/boundaries/test_bnd_018_recovery_rollback.py .............         [ 18%]
tests/boundaries/test_burst_contamination_guard.py ........              [ 18%]
tests/boundaries/test_f04_protected_set_ai_boundary.py ................. [ 19%]
...............................                                          [ 20%]
tests/boundaries/test_registry.py ..................                     [ 21%]
tests/boundaries/test_types.py .............                             [ 22%]
tests/command_commit_event/mutation/test_projection_mutations.py ...     [ 22%]
tests/command_commit_event/test_audit.py ..........                      [ 22%]
tests/command_commit_event/test_command_event_split.py ....              [ 23%]
tests/command_commit_event/test_command_registry.py .......              [ 23%]
tests/command_commit_event/test_command_repository.py ...........        [ 23%]
tests/command_commit_event/test_commit.py ..............                 [ 24%]
tests/command_commit_event/test_envelope.py ............                 [ 25%]
tests/command_commit_event/test_event.py .............                   [ 25%]
tests/command_commit_event/test_idempotency.py .......................   [ 26%]
tests/command_commit_event/test_outbox.py .............                  [ 27%]
tests/command_commit_event/test_outbox_worker.py ........                [ 27%]
tests/command_commit_event/test_projection.py ...............            [ 28%]
tests/command_commit_event/test_projection_worker.py ....                [ 28%]
tests/command_commit_event/test_question_selection.py .............      [ 28%]
tests/domain/question/test_question.py ...............                   [ 29%]
tests/domain/question/test_question_lineage.py .........                 [ 30%]
tests/domain/question/test_question_repository.py ................       [ 30%]
tests/domain/test_burst_input.py ....................................    [ 32%]
tests/domain/test_burst_membership_fingerprint.py .........              [ 32%]
tests/domain/test_challenge.py .......                                   [ 33%]
tests/domain/test_session.py ..........                                  [ 33%]
tests/domain/test_workspace_context.py ......                            [ 33%]
tests/domain/test_workspace_repository.py ...                            [ 33%]
tests/e2e/test_accessible_workspaces_query.py ........                   [ 34%]
tests/e2e/test_auth_handler.py .Terminated
