SELECTORS_ARE_THE_DECLARED_TWO::PASS ['tests/security/test_dev_identity_provisioning.py::test_malformed_input_is_refused', 'tests/e2e/test_pfc_f09_1_technical_failure.py::test_worker_loop_survives_a_database_outage_and_stops_grace
SELECTOR_PREFIX_UNAMBIGUOUS[test_malformed_input_is_refused]::PASS 
SELECTOR_PREFIX_UNAMBIGUOUS[test_worker_loop_survives_a_database_out]::PASS 
I_SELECTOR_SERIAL_EXACTLY_4::PASS 4
I_SELECTOR_COMPLEMENT_EXACTLY_2248::PASS 2248
I_DISJOINT_RAW::PASS 
I_RAW_UNION_EQUALS_FULL_NO_OMISSION::PASS 
I_SERIAL_CONTAINS_BOTH_VOLATILE_IDS::PASS 
I_MOVED_NODE_ONLY_IN_SERIAL::PASS 
II_ACTUAL_PARTITION_PROVEN::PASS []
II_CANONICAL_INJECTIVE_PER_PARTITION_AND_UNION::PASS 
II_STABLE_RAW_IDS_IDENTICAL::PASS xdist partition raw == selector view
FALSIFIER_DETECTS[omission_of_the_moved_node]::PASS ['SERIAL_EXACTLY_4_NO_DUPLICATE', 'UNION_NOT_EQUAL_FULL_OR_OMISSION', 'SERIAL_NOT_EXACTLY_THE_DECLARED_SELECTION', 'MOVED_TIMING_NODE_NOT_ONLY_IN_SERIAL', 'STABLE_RAW_UNION_NOT_E
FALSIFIER_DETECTS[omission_of_a_volatile_node]::PASS ['SERIAL_EXACTLY_4_NO_DUPLICATE', 'UNION_NOT_EQUAL_FULL_OR_OMISSION', 'SERIAL_NOT_EXACTLY_THE_DECLARED_SELECTION']
FALSIFIER_DETECTS[moved_node_back_in_xdist_(old_2236_3)]::PASS ['SERIAL_EXACTLY_4_NO_DUPLICATE', 'XDIST_EXACTLY_2248_NO_DUPLICATE', 'SERIAL_NOT_EXACTLY_THE_DECLARED_SELECTION', 'SERIAL_NODE_IN_XDIST_PARTITION', 'MOVED_TIMING_NODE_
FALSIFIER_DETECTS[moved_node_in_both_partitions]::PASS ['XDIST_EXACTLY_2248_NO_DUPLICATE', 'PARTITIONS_OVERLAP', 'UNION_NOT_EQUAL_FULL_OR_OMISSION', 'SERIAL_NODE_IN_XDIST_PARTITION', 'MOVED_TIMING_NODE_NOT_ONLY_IN_SERIAL']
FALSIFIER_DETECTS[volatile_node_included_in_xdist]::PASS ['SERIAL_EXACTLY_4_NO_DUPLICATE', 'XDIST_EXACTLY_2248_NO_DUPLICATE', 'SERIAL_NOT_EXACTLY_THE_DECLARED_SELECTION', 'SERIAL_NODE_IN_XDIST_PARTITION', 'MOVED_TIMING_NODE_NOT_ON
FALSIFIER_DETECTS[drift_2234_5]::PASS ['SERIAL_EXACTLY_4_NO_DUPLICATE', 'XDIST_EXACTLY_2248_NO_DUPLICATE', 'SERIAL_NOT_EXACTLY_THE_DECLARED_SELECTION']
FALSIFIER_DETECTS[xdist_node_dropped]::PASS ['XDIST_EXACTLY_2248_NO_DUPLICATE', 'UNION_NOT_EQUAL_FULL_OR_OMISSION', 'STABLE_RAW_UNION_NOT_EQUAL_FULL']
FALSIFIER_DETECTS[duplicate_in_serial]::PASS ['SERIAL_EXACTLY_4_NO_DUPLICATE', 'CANONICAL_NOT_INJECTIVE: raw collection contains duplicate node ids']
FALSIFIER_DETECTS[duplicate_in_xdist]::PASS ['XDIST_EXACTLY_2248_NO_DUPLICATE', 'CANONICAL_NOT_INJECTIVE: raw collection contains duplicate node ids']
FALSIFIER_DETECTS[semantically_distinct_nodes_collapse]::PASS ['UNION_NOT_EQUAL_FULL_OR_OMISSION', 'SERIAL_NOT_EXACTLY_THE_DECLARED_SELECTION']
FALSIFIER_NO_CANONICAL_COLLAPSE[distinct params]::PASS 
FALSIFIER_CANONICAL_MAP_REJECTS_MERGE::PASS 
PARTITION_PROOF::PASS (24/24)
