F1_PROOF_START_ONCE::PASS
F2_STAGE_START_BEFORE_RESULT::PASS
F3_HEARTBEAT_DURING_SLOW_STAGE::PASS
F3b_HEARTBEAT_PROGRESS_FROM_LOG::PASS
F4_HEARTBEAT_NEVER_CLAIMS_A_VERDICT::PASS
F5a_FINAL_PASS_ONLY_AFTER_REAL_VERDICTS::PASS
F5b_FAIL_MISSING_EMPTY_OR_EARLY_EXIT_NEVER_PASS::PASS
F5c_EARLY_EXIT_REPORTED_WITH_STAGE::PASS
F6_FAILED_CHILD_REPORTS_STAGE_AND_EXIT_CODE::PASS
F7_TIMEOUT_REMAINS_TIMEOUT::PASS
F8_HEARTBEAT_ENDS_WITH_ITS_STAGE::PASS
F9_NO_ORPHAN_HEARTBEAT_AFTER_CHAIN_KILL::PASS
F10_COMMAND_LINES_IDENTICAL_AND_IN_ORDER::PASS
F10b_OBSERVABILITY_LINES_WELL_PLACED::FAIL 
F11_F12_SELECTION_PARTITION_AND_PROOF_SCRIPTS_UNCHANGED::PASS
F13a_REAL_STAGE_INTEGRATION::PASS
F13b_REAL_STAGE_HEARTBEAT::PASS
F13c_NO_EVENT_LINES_IN_EVIDENCE_FILES::PASS
F13d_REAL_COLLECTION_COUNT_UNCHANGED::PASS
F3c_REAL_XDIST_HEARTBEAT_PROGRESS::PASS
F13e_NO_TREE_MUTATION_BY_OBSERVABILITY::PASS
F15_NO_SECRET_IN_VERBOSE_OUTPUT::PASS
PROGRESS_FALSIFIERS::FAIL (1)
