   child=1 observer=0
   child=2 observer=0
   child=3 observer=0
   child=5 observer=0
   child=77 observer=0
   child=124 observer=0
   child=126 observer=0
   child=127 observer=0
   child=255 observer=0
O1a_CHILD_EXIT_STATUS_IS_RETURNED_UNMAPPED::FAIL 
O1b_SIGNAL_DEATH_OF_THE_CHILD_IS_128_PLUS_N::FAIL (2, 2)
O1c_UNSTARTABLE_COMMAND_IS_127_AND_REPORTED::PASS
O2_START_HEARTBEAT_AND_EXACTLY_ONE_TERMINAL_EVENT::FAIL 
O3a_STDIN_AND_STDOUT_BYTE_IDENTICAL::PASS
O3b_STDERR_IS_CHILD_STDERR_PLUS_EVENTS_AND_NO_EVENT_ON_STDOUT::PASS
O3c_EVENTS_FILE_KEEPS_STDERR_BYTE_IDENTICAL_AND_IS_APPENDED::FAIL 
O3d_ARGUMENTS_VERBATIM::FAIL 
O3e_ENVIRONMENT_CWD_AND_DESCRIPTORS_UNCHANGED::FAIL (names + digest; a credential in the environment reaches the child unchanged)
O4a_EVENTS_STAY_INSIDE_THE_GRAMMAR_AND_NEVER_CARRY_A_VERDICT::PASS
O4b_NO_COMMAND_LINE_NO_SECRET_IN_EVENTS::FAIL 
O5_OPTIONAL_PROGRESS_FROM_A_NAMED_LOG::FAIL 
O6a_CONSUMER_EVIDENCE_BLOCK_AND_EXIT_STATUS_IDENTICAL_WITH_AND_WITHOUT_OBSERVER::PASS
O6b_OPAQUE_CONSUMER_RUN_BECOMES_OBSERVABLE_WITHOUT_CHANGING_THE_CONSUMER::PASS
O7_NESTED_OBSERVATION_COMPOSES::FAIL (0)
O8a_TERMINATED_OBSERVER_IS_NONZERO_REPORTS_NO_END_AND_LEAVES_THE_PROOF_RUNNING::FAIL (rc=143 child_alive=0 hb=1/1)
O8b_KILLED_OBSERVER_LEAVES_NO_HEARTBEAT_AND_THE_PROOF_RUNNING::FAIL (child_alive=0 hb=1/1)
O9_EVENT_SINK_FAILURE_NEVER_CHANGES_THE_RUN_OR_ITS_STATUS::FAIL (closed stderr rc=3, bad sink rc=4)
O10_USAGE_ERROR_IS_2_RUNS_NOTHING_EMITS_NOTHING::PASS
O11a_SELF_CONTAINED_CLOSURE_OF_TWO_FILES::FAIL (0)
O11b_NO_TARGET_ENVIRONMENT_OR_FIELD_SPECIFIC_REFERENCE::PASS
O11c_ONE_EVENT_IMPLEMENTATION_AND_NO_VERDICT_MACHINERY::PASS
O12_ORANGE_CHAIN_AND_HELPER_BYTE_IDENTICAL_TO_BASE::PASS
O13_NO_ORPHAN_PROCESS::PASS
O14a_PROOF_PROCESS_ENVIRONMENT_IS_THE_ALLOWLIST_ONLY::PASS
O14b_NO_CREDENTIAL_VALUE_FROM_THE_ENVIRONMENT_IN_ANY_EVIDENCE_FILE::FAIL (1 file(s))
O14c_PUBLICATION_GATE_DETECTS_AN_ENVIRONMENT_VALUE_WITHOUT_PRINTING_IT::PASS
O14e_GATE_SEES_A_VALUE_THAT_ONLY_REACHABLE_HISTORY_STILL_HOLDS::PASS
O14d_THIS_RUNS_OWN_EVIDENCE_PASSES_THE_GATE::FAIL (EVIDENCE_SECRET_GATE::FAIL (1) (138 files, 1 candidate environment variables))
SFE_OBSERVE_FALSIFIERS::FAIL (15)
