O1a_CHILD_EXIT_STATUS_IS_RETURNED_UNMAPPED::PASS
O1b_SIGNAL_DEATH_OF_THE_CHILD_IS_128_PLUS_N::PASS
O1c_UNSTARTABLE_COMMAND_IS_127_AND_REPORTED::PASS
O2_START_HEARTBEAT_AND_EXACTLY_ONE_TERMINAL_EVENT::FAIL 
O3a_STDIN_AND_STDOUT_BYTE_IDENTICAL::PASS
O3b_STDERR_IS_CHILD_STDERR_PLUS_EVENTS_AND_NO_EVENT_ON_STDOUT::PASS
O3c_EVENTS_FILE_KEEPS_STDERR_BYTE_IDENTICAL_AND_IS_APPENDED::PASS
O3d_ARGUMENTS_VERBATIM::PASS
O3e_ENVIRONMENT_CWD_AND_DESCRIPTORS_UNCHANGED::PASS
   outside the grammar: o1_0.err
   verdict word: o1_0.err
   outside the grammar: o2_ok.err
   verdict word: o2_ok.err
   outside the grammar: o3_args_obs.err
   verdict word: o3_args_obs.err
   outside the grammar: o3_env_obs.err
   verdict word: o3_env_obs.err
   outside the grammar: o3_obs.err
   verdict word: o3_obs.err
   outside the grammar: o4.err
   verdict word: o4.err
   outside the grammar: o4b.err
   verdict word: o4b.err
   outside the grammar: o3.events
   verdict word: o3.events
O4a_EVENTS_STAY_INSIDE_THE_GRAMMAR_AND_NEVER_CARRY_A_VERDICT::FAIL 
O4b_NO_COMMAND_LINE_NO_SECRET_IN_EVENTS::PASS
O5_OPTIONAL_PROGRESS_FROM_A_NAMED_LOG::PASS
O6a_CONSUMER_EVIDENCE_BLOCK_AND_EXIT_STATUS_IDENTICAL_WITH_AND_WITHOUT_OBSERVER::PASS
O6b_OPAQUE_CONSUMER_RUN_BECOMES_OBSERVABLE_WITHOUT_CHANGING_THE_CONSUMER::PASS
O7_NESTED_OBSERVATION_COMPOSES::FAIL (6)
O8a_TERMINATED_OBSERVER_IS_NONZERO_REPORTS_NO_END_AND_LEAVES_THE_PROOF_RUNNING::PASS
O8b_KILLED_OBSERVER_LEAVES_NO_HEARTBEAT_AND_THE_PROOF_RUNNING::PASS
O9_EVENT_SINK_FAILURE_NEVER_CHANGES_THE_RUN_OR_ITS_STATUS::PASS
O10_USAGE_ERROR_IS_2_RUNS_NOTHING_EMITS_NOTHING::PASS
O11a_SELF_CONTAINED_CLOSURE_OF_TWO_FILES::PASS
O11b_NO_TARGET_ENVIRONMENT_OR_FIELD_SPECIFIC_REFERENCE::PASS
O11c_ONE_EVENT_IMPLEMENTATION_AND_NO_VERDICT_MACHINERY::PASS
O12_ORANGE_CHAIN_AND_HELPER_BYTE_IDENTICAL_TO_BASE::PASS
O13_NO_ORPHAN_PROCESS::PASS
O14a_PROOF_PROCESS_ENVIRONMENT_IS_THE_ALLOWLIST_ONLY::PASS
O14b_NO_CREDENTIAL_VALUE_FROM_THE_ENVIRONMENT_IN_ANY_EVIDENCE_FILE::PASS
O14c_PUBLICATION_GATE_DETECTS_AN_ENVIRONMENT_VALUE_WITHOUT_PRINTING_IT::PASS
O14e_GATE_SEES_A_VALUE_THAT_ONLY_REACHABLE_HISTORY_STILL_HOLDS::PASS
O14d_THIS_RUNS_OWN_EVIDENCE_PASSES_THE_GATE::PASS
SFE_OBSERVE_FALSIFIERS::FAIL (3)
