============================= test session starts ==============================
platform linux -- Python 3.13.15, pytest-9.1.1, pluggy-1.6.0
ORANGE import-origin guard: bound to /home/codi/Entwicklung/nquiry/worktrees/orange-proof-infra (env /home/codi/Entwicklung/nquiry/.venv-proof313-orange)
ORANGE worker-DB binding: gwN -> nquiry_proof_gwN_test (xdist lane only)
rootdir: /home/codi/Entwicklung/nquiry/worktrees/orange-proof-infra
configfile: pyproject.toml
plugins: cov-7.1.0, xdist-3.8.0, nquiry-orange-guard-1.2.0, anyio-4.15.1, hypothesis-6.168.3
collected 4 items

tests/security/test_dev_identity_provisioning.py ...                     [ 75%]
tests/e2e/test_pfc_f09_1_technical_failure.py F                          [100%]

=================================== FAILURES ===================================
_______ test_worker_loop_survives_a_database_outage_and_stops_gracefully _______

    def test_worker_loop_survives_a_database_outage_and_stops_gracefully() -> None:
        p = _worker("--interval", "0.2", url=_UNREACHABLE)
        time.sleep(2.5)
        p.send_signal(signal.SIGTERM)
        _, err = p.communicate(timeout=30)
>       assert p.returncode == 0, err
E       AssertionError: 
E       assert -15 == 0
E        +  where -15 = <Popen: returncode: -15 args: ['/home/codi/Entwicklung/nquiry/.venv-proof313...>.returncode

tests/e2e/test_pfc_f09_1_technical_failure.py:280: AssertionError
=============================== warnings summary ===============================
../../.venv-proof313-orange/lib/python3.13/site-packages/starlette/testclient.py:45
  /home/codi/Entwicklung/nquiry/.venv-proof313-orange/lib/python3.13/site-packages/starlette/testclient.py:45: DeprecationWarning: The anyio.abc.BlockingPortal alias is deprecated, use anyio.from_thread.BlockingPortal instead.
    _PortalFactoryType = Callable[[], AbstractContextManager[anyio.abc.BlockingPortal]]

-- Docs: https://docs.pytest.org/en/stable/how-to/capture-warnings.html
==================================== PASSES ====================================
- generated xml file: /home/codi/Entwicklung/nquiry/.venv-proof313-orange/orange-proof/evidence/final_closure/parallel/serial_junit.xml -
=========================== short test summary info ============================
PASSED tests/security/test_dev_identity_provisioning.py::test_malformed_input_is_refused[no-at-sign-A-dev-password-123]
PASSED tests/security/test_dev_identity_provisioning.py::test_malformed_input_is_refused[dev-a296bda7d2@dev.local.test- -dev-password-123]
PASSED tests/security/test_dev_identity_provisioning.py::test_malformed_input_is_refused[dev-8c7da52bb8@dev.local.test-A-short]
FAILED tests/e2e/test_pfc_f09_1_technical_failure.py::test_worker_loop_survives_a_database_outage_and_stops_gracefully
==================== 1 failed, 3 passed, 1 warning in 7.81s ====================
