============================= test session starts ==============================
platform linux -- Python 3.13.15, pytest-9.1.1, pluggy-1.6.0
rootdir: /home/codi/Entwicklung/nquiry/worktrees/orange-proof-lineage/evidence/stage_exit_status/pre_repair/root/worktrees/orange-proof-infra
configfile: pytest.ini
plugins: cov-7.1.0, xdist-3.8.0, anyio-4.15.1, hypothesis-6.168.3
created: 4/4 workers
4 workers [8 items]

........                                                                 [100%]
==================================== PASSES ====================================
- generated xml file: /home/codi/Entwicklung/nquiry/worktrees/orange-proof-lineage/evidence/stage_exit_status/pre_repair/s4p_pp_xdist.d/xdist_junit.xml -
=========================== short test summary info ============================
PASSED tests/test_other.py::test_other[0]
PASSED tests/test_other.py::test_other[2]
PASSED tests/test_other.py::test_other[4]
PASSED tests/test_other.py::test_other[6]
PASSED tests/test_other.py::test_other[7]
PASSED tests/test_other.py::test_other[1]
PASSED tests/test_other.py::test_other[3]
PASSED tests/test_other.py::test_other[5]
============================== 8 passed in 3.97s ===============================
