============================= test session starts ==============================
platform linux -- Python 3.13.15, pytest-9.1.1, pluggy-1.6.0
rootdir: /home/codi/Entwicklung/nquiry/worktrees/orange-proof-lineage/evidence/verbose_heartbeat/mutants/MV7_timeout_not_reported/xdist/tree
configfile: pytest.ini
plugins: cov-7.1.0, xdist-3.8.0, anyio-4.15.1, hypothesis-6.168.3
created: 2/2 workers
2 workers [400 items]

........................................................................ [ 18%]
........................................................................ [ 36%]
........................................................................ [ 54%]
........................................................................ [ 72%]
........................................................................ [ 90%]
........................................                                 [100%]
==================================== PASSES ====================================
=========================== short test summary info ============================
PASSED tests/test_slow.py::test_slow[0]
PASSED tests/test_slow.py::test_slow[50]
PASSED tests/test_slow.py::test_slow[1]
PASSED tests/test_slow.py::test_slow[51]
PASSED tests/test_slow.py::test_slow[52]
PASSED tests/test_slow.py::test_slow[2]
PASSED tests/test_slow.py::test_slow[53]
PASSED tests/test_slow.py::test_slow[3]
PASSED tests/test_slow.py::test_slow[4]
PASSED tests/test_slow.py::test_slow[54]
PASSED tests/test_slow.py::test_slow[5]
PASSED tests/test_slow.py::test_slow[55]
PASSED tests/test_slow.py::test_slow[6]
PASSED tests/test_slow.py::test_slow[56]
PASSED tests/test_slow.py::test_slow[57]
PASSED tests/test_slow.py::test_slow[7]
PASSED tests/test_slow.py::test_slow[8]
PASSED tests/test_slow.py::test_slow[58]
PASSED tests/test_slow.py::test_slow[59]
PASSED tests/test_slow.py::test_slow[9]
PASSED tests/test_slow.py::test_slow[10]
PASSED tests/test_slow.py::test_slow[60]
PASSED tests/test_slow.py::test_slow[11]
PASSED tests/test_slow.py::test_slow[61]
PASSED tests/test_slow.py::test_slow[12]
PASSED tests/test_slow.py::test_slow[62]
PASSED tests/test_slow.py::test_slow[63]
PASSED tests/test_slow.py::test_slow[13]
PASSED tests/test_slow.py::test_slow[64]
PASSED tests/test_slow.py::test_slow[14]
PASSED tests/test_slow.py::test_slow[65]
PASSED tests/test_slow.py::test_slow[15]
PASSED tests/test_slow.py::test_slow[66]
PASSED tests/test_slow.py::test_slow[16]
PASSED tests/test_slow.py::test_slow[17]
PASSED tests/test_slow.py::test_slow[67]
PASSED tests/test_slow.py::test_slow[68]
PASSED tests/test_slow.py::test_slow[18]
PASSED tests/test_slow.py::test_slow[19]
PASSED tests/test_slow.py::test_slow[69]
PASSED tests/test_slow.py::test_slow[20]
PASSED tests/test_slow.py::test_slow[70]
PASSED tests/test_slow.py::test_slow[21]
PASSED tests/test_slow.py::test_slow[71]
PASSED tests/test_slow.py::test_slow[72]
PASSED tests/test_slow.py::test_slow[22]
PASSED tests/test_slow.py::test_slow[73]
PASSED tests/test_slow.py::test_slow[23]
PASSED tests/test_slow.py::test_slow[74]
PASSED tests/test_slow.py::test_slow[24]
PASSED tests/test_slow.py::test_slow[75]
PASSED tests/test_slow.py::test_slow[25]
PASSED tests/test_slow.py::test_slow[76]
PASSED tests/test_slow.py::test_slow[26]
PASSED tests/test_slow.py::test_slow[77]
PASSED tests/test_slow.py::test_slow[27]
PASSED tests/test_slow.py::test_slow[78]
PASSED tests/test_slow.py::test_slow[28]
PASSED tests/test_slow.py::test_slow[79]
PASSED tests/test_slow.py::test_slow[29]
PASSED tests/test_slow.py::test_slow[80]
PASSED tests/test_slow.py::test_slow[30]
PASSED tests/test_slow.py::test_slow[81]
PASSED tests/test_slow.py::test_slow[31]
PASSED tests/test_slow.py::test_slow[82]
PASSED tests/test_slow.py::test_slow[32]
PASSED tests/test_slow.py::test_slow[83]
PASSED tests/test_slow.py::test_slow[33]
PASSED tests/test_slow.py::test_slow[84]
PASSED tests/test_slow.py::test_slow[34]
PASSED tests/test_slow.py::test_slow[85]
PASSED tests/test_slow.py::test_slow[35]
PASSED tests/test_slow.py::test_slow[86]
PASSED tests/test_slow.py::test_slow[36]
PASSED tests/test_slow.py::test_slow[87]
PASSED tests/test_slow.py::test_slow[37]
PASSED tests/test_slow.py::test_slow[88]
PASSED tests/test_slow.py::test_slow[38]
PASSED tests/test_slow.py::test_slow[89]
PASSED tests/test_slow.py::test_slow[39]
PASSED tests/test_slow.py::test_slow[90]
PASSED tests/test_slow.py::test_slow[40]
PASSED tests/test_slow.py::test_slow[91]
PASSED tests/test_slow.py::test_slow[41]
PASSED tests/test_slow.py::test_slow[92]
PASSED tests/test_slow.py::test_slow[42]
PASSED tests/test_slow.py::test_slow[93]
PASSED tests/test_slow.py::test_slow[43]
PASSED tests/test_slow.py::test_slow[94]
PASSED tests/test_slow.py::test_slow[44]
PASSED tests/test_slow.py::test_slow[95]
PASSED tests/test_slow.py::test_slow[45]
PASSED tests/test_slow.py::test_slow[96]
PASSED tests/test_slow.py::test_slow[46]
PASSED tests/test_slow.py::test_slow[97]
PASSED tests/test_slow.py::test_slow[47]
PASSED tests/test_slow.py::test_slow[98]
PASSED tests/test_slow.py::test_slow[48]
PASSED tests/test_slow.py::test_slow[99]
PASSED tests/test_slow.py::test_slow[49]
PASSED tests/test_slow.py::test_slow[139]
PASSED tests/test_slow.py::test_slow[100]
PASSED tests/test_slow.py::test_slow[140]
PASSED tests/test_slow.py::test_slow[101]
PASSED tests/test_slow.py::test_slow[141]
PASSED tests/test_slow.py::test_slow[102]
PASSED tests/test_slow.py::test_slow[142]
PASSED tests/test_slow.py::test_slow[103]
PASSED tests/test_slow.py::test_slow[143]
PASSED tests/test_slow.py::test_slow[104]
PASSED tests/test_slow.py::test_slow[144]
PASSED tests/test_slow.py::test_slow[105]
PASSED tests/test_slow.py::test_slow[145]
PASSED tests/test_slow.py::test_slow[106]
PASSED tests/test_slow.py::test_slow[146]
PASSED tests/test_slow.py::test_slow[107]
PASSED tests/test_slow.py::test_slow[147]
PASSED tests/test_slow.py::test_slow[108]
PASSED tests/test_slow.py::test_slow[148]
PASSED tests/test_slow.py::test_slow[109]
PASSED tests/test_slow.py::test_slow[149]
PASSED tests/test_slow.py::test_slow[110]
PASSED tests/test_slow.py::test_slow[150]
PASSED tests/test_slow.py::test_slow[111]
PASSED tests/test_slow.py::test_slow[151]
PASSED tests/test_slow.py::test_slow[112]
PASSED tests/test_slow.py::test_slow[152]
PASSED tests/test_slow.py::test_slow[113]
PASSED tests/test_slow.py::test_slow[153]
PASSED tests/test_slow.py::test_slow[114]
PASSED tests/test_slow.py::test_slow[154]
PASSED tests/test_slow.py::test_slow[115]
PASSED tests/test_slow.py::test_slow[155]
PASSED tests/test_slow.py::test_slow[116]
PASSED tests/test_slow.py::test_slow[156]
PASSED tests/test_slow.py::test_slow[117]
PASSED tests/test_slow.py::test_slow[157]
PASSED tests/test_slow.py::test_slow[118]
PASSED tests/test_slow.py::test_slow[158]
PASSED tests/test_slow.py::test_slow[119]
PASSED tests/test_slow.py::test_slow[159]
PASSED tests/test_slow.py::test_slow[120]
PASSED tests/test_slow.py::test_slow[160]
PASSED tests/test_slow.py::test_slow[121]
PASSED tests/test_slow.py::test_slow[161]
PASSED tests/test_slow.py::test_slow[122]
PASSED tests/test_slow.py::test_slow[162]
PASSED tests/test_slow.py::test_slow[123]
PASSED tests/test_slow.py::test_slow[163]
PASSED tests/test_slow.py::test_slow[124]
PASSED tests/test_slow.py::test_slow[164]
PASSED tests/test_slow.py::test_slow[125]
PASSED tests/test_slow.py::test_slow[165]
PASSED tests/test_slow.py::test_slow[126]
PASSED tests/test_slow.py::test_slow[166]
PASSED tests/test_slow.py::test_slow[127]
PASSED tests/test_slow.py::test_slow[167]
PASSED tests/test_slow.py::test_slow[128]
PASSED tests/test_slow.py::test_slow[168]
PASSED tests/test_slow.py::test_slow[129]
PASSED tests/test_slow.py::test_slow[169]
PASSED tests/test_slow.py::test_slow[130]
PASSED tests/test_slow.py::test_slow[170]
PASSED tests/test_slow.py::test_slow[131]
PASSED tests/test_slow.py::test_slow[171]
PASSED tests/test_slow.py::test_slow[132]
PASSED tests/test_slow.py::test_slow[172]
PASSED tests/test_slow.py::test_slow[133]
PASSED tests/test_slow.py::test_slow[173]
PASSED tests/test_slow.py::test_slow[134]
PASSED tests/test_slow.py::test_slow[174]
PASSED tests/test_slow.py::test_slow[135]
PASSED tests/test_slow.py::test_slow[175]
PASSED tests/test_slow.py::test_slow[136]
PASSED tests/test_slow.py::test_slow[176]
PASSED tests/test_slow.py::test_slow[137]
PASSED tests/test_slow.py::test_slow[177]
PASSED tests/test_slow.py::test_slow[138]
PASSED tests/test_slow.py::test_slow[178]
PASSED tests/test_slow.py::test_slow[202]
PASSED tests/test_slow.py::test_slow[179]
PASSED tests/test_slow.py::test_slow[203]
PASSED tests/test_slow.py::test_slow[180]
PASSED tests/test_slow.py::test_slow[204]
PASSED tests/test_slow.py::test_slow[181]
PASSED tests/test_slow.py::test_slow[205]
PASSED tests/test_slow.py::test_slow[182]
PASSED tests/test_slow.py::test_slow[206]
PASSED tests/test_slow.py::test_slow[183]
PASSED tests/test_slow.py::test_slow[207]
PASSED tests/test_slow.py::test_slow[184]
PASSED tests/test_slow.py::test_slow[208]
PASSED tests/test_slow.py::test_slow[185]
PASSED tests/test_slow.py::test_slow[209]
PASSED tests/test_slow.py::test_slow[186]
PASSED tests/test_slow.py::test_slow[210]
PASSED tests/test_slow.py::test_slow[187]
PASSED tests/test_slow.py::test_slow[211]
PASSED tests/test_slow.py::test_slow[188]
PASSED tests/test_slow.py::test_slow[212]
PASSED tests/test_slow.py::test_slow[189]
PASSED tests/test_slow.py::test_slow[213]
PASSED tests/test_slow.py::test_slow[190]
PASSED tests/test_slow.py::test_slow[214]
PASSED tests/test_slow.py::test_slow[191]
PASSED tests/test_slow.py::test_slow[215]
PASSED tests/test_slow.py::test_slow[192]
PASSED tests/test_slow.py::test_slow[216]
PASSED tests/test_slow.py::test_slow[217]
PASSED tests/test_slow.py::test_slow[193]
PASSED tests/test_slow.py::test_slow[218]
PASSED tests/test_slow.py::test_slow[194]
PASSED tests/test_slow.py::test_slow[195]
PASSED tests/test_slow.py::test_slow[219]
PASSED tests/test_slow.py::test_slow[196]
PASSED tests/test_slow.py::test_slow[220]
PASSED tests/test_slow.py::test_slow[197]
PASSED tests/test_slow.py::test_slow[221]
PASSED tests/test_slow.py::test_slow[198]
PASSED tests/test_slow.py::test_slow[222]
PASSED tests/test_slow.py::test_slow[199]
PASSED tests/test_slow.py::test_slow[223]
PASSED tests/test_slow.py::test_slow[200]
PASSED tests/test_slow.py::test_slow[224]
PASSED tests/test_slow.py::test_slow[201]
PASSED tests/test_slow.py::test_slow[225]
PASSED tests/test_slow.py::test_slow[228]
PASSED tests/test_slow.py::test_slow[226]
PASSED tests/test_slow.py::test_slow[229]
PASSED tests/test_slow.py::test_slow[227]
PASSED tests/test_slow.py::test_slow[230]
PASSED tests/test_slow.py::test_slow[251]
PASSED tests/test_slow.py::test_slow[231]
PASSED tests/test_slow.py::test_slow[252]
PASSED tests/test_slow.py::test_slow[232]
PASSED tests/test_slow.py::test_slow[253]
PASSED tests/test_slow.py::test_slow[233]
PASSED tests/test_slow.py::test_slow[254]
PASSED tests/test_slow.py::test_slow[234]
PASSED tests/test_slow.py::test_slow[255]
PASSED tests/test_slow.py::test_slow[235]
PASSED tests/test_slow.py::test_slow[256]
PASSED tests/test_slow.py::test_slow[236]
PASSED tests/test_slow.py::test_slow[257]
PASSED tests/test_slow.py::test_slow[237]
PASSED tests/test_slow.py::test_slow[258]
PASSED tests/test_slow.py::test_slow[238]
PASSED tests/test_slow.py::test_slow[259]
PASSED tests/test_slow.py::test_slow[239]
PASSED tests/test_slow.py::test_slow[260]
PASSED tests/test_slow.py::test_slow[240]
PASSED tests/test_slow.py::test_slow[261]
PASSED tests/test_slow.py::test_slow[241]
PASSED tests/test_slow.py::test_slow[262]
PASSED tests/test_slow.py::test_slow[242]
PASSED tests/test_slow.py::test_slow[263]
PASSED tests/test_slow.py::test_slow[243]
PASSED tests/test_slow.py::test_slow[264]
PASSED tests/test_slow.py::test_slow[244]
PASSED tests/test_slow.py::test_slow[265]
PASSED tests/test_slow.py::test_slow[245]
PASSED tests/test_slow.py::test_slow[266]
PASSED tests/test_slow.py::test_slow[246]
PASSED tests/test_slow.py::test_slow[267]
PASSED tests/test_slow.py::test_slow[247]
PASSED tests/test_slow.py::test_slow[268]
PASSED tests/test_slow.py::test_slow[248]
PASSED tests/test_slow.py::test_slow[269]
PASSED tests/test_slow.py::test_slow[249]
PASSED tests/test_slow.py::test_slow[270]
PASSED tests/test_slow.py::test_slow[250]
PASSED tests/test_slow.py::test_slow[271]
PASSED tests/test_slow.py::test_slow[288]
PASSED tests/test_slow.py::test_slow[272]
PASSED tests/test_slow.py::test_slow[289]
PASSED tests/test_slow.py::test_slow[273]
PASSED tests/test_slow.py::test_slow[290]
PASSED tests/test_slow.py::test_slow[274]
PASSED tests/test_slow.py::test_slow[291]
PASSED tests/test_slow.py::test_slow[275]
PASSED tests/test_slow.py::test_slow[276]
PASSED tests/test_slow.py::test_slow[292]
PASSED tests/test_slow.py::test_slow[277]
PASSED tests/test_slow.py::test_slow[293]
PASSED tests/test_slow.py::test_slow[278]
PASSED tests/test_slow.py::test_slow[294]
PASSED tests/test_slow.py::test_slow[279]
PASSED tests/test_slow.py::test_slow[295]
PASSED tests/test_slow.py::test_slow[280]
PASSED tests/test_slow.py::test_slow[296]
PASSED tests/test_slow.py::test_slow[297]
PASSED tests/test_slow.py::test_slow[281]
PASSED tests/test_slow.py::test_slow[298]
PASSED tests/test_slow.py::test_slow[282]
PASSED tests/test_slow.py::test_slow[299]
PASSED tests/test_slow.py::test_slow[283]
PASSED tests/test_slow.py::test_slow[300]
PASSED tests/test_slow.py::test_slow[284]
PASSED tests/test_slow.py::test_slow[301]
PASSED tests/test_slow.py::test_slow[285]
PASSED tests/test_slow.py::test_slow[302]
PASSED tests/test_slow.py::test_slow[286]
PASSED tests/test_slow.py::test_slow[287]
PASSED tests/test_slow.py::test_slow[303]
PASSED tests/test_slow.py::test_slow[304]
PASSED tests/test_slow.py::test_slow[316]
PASSED tests/test_slow.py::test_slow[317]
PASSED tests/test_slow.py::test_slow[305]
PASSED tests/test_slow.py::test_slow[318]
PASSED tests/test_slow.py::test_slow[306]
PASSED tests/test_slow.py::test_slow[307]
PASSED tests/test_slow.py::test_slow[319]
PASSED tests/test_slow.py::test_slow[308]
PASSED tests/test_slow.py::test_slow[320]
PASSED tests/test_slow.py::test_slow[321]
PASSED tests/test_slow.py::test_slow[309]
PASSED tests/test_slow.py::test_slow[310]
PASSED tests/test_slow.py::test_slow[322]
PASSED tests/test_slow.py::test_slow[323]
PASSED tests/test_slow.py::test_slow[311]
PASSED tests/test_slow.py::test_slow[324]
PASSED tests/test_slow.py::test_slow[312]
PASSED tests/test_slow.py::test_slow[325]
PASSED tests/test_slow.py::test_slow[313]
PASSED tests/test_slow.py::test_slow[314]
PASSED tests/test_slow.py::test_slow[326]
PASSED tests/test_slow.py::test_slow[327]
PASSED tests/test_slow.py::test_slow[315]
PASSED tests/test_slow.py::test_slow[328]
PASSED tests/test_slow.py::test_slow[338]
PASSED tests/test_slow.py::test_slow[329]
PASSED tests/test_slow.py::test_slow[339]
PASSED tests/test_slow.py::test_slow[330]
PASSED tests/test_slow.py::test_slow[340]
PASSED tests/test_slow.py::test_slow[331]
PASSED tests/test_slow.py::test_slow[341]
PASSED tests/test_slow.py::test_slow[332]
PASSED tests/test_slow.py::test_slow[342]
PASSED tests/test_slow.py::test_slow[333]
PASSED tests/test_slow.py::test_slow[343]
PASSED tests/test_slow.py::test_slow[334]
PASSED tests/test_slow.py::test_slow[344]
PASSED tests/test_slow.py::test_slow[335]
PASSED tests/test_slow.py::test_slow[345]
PASSED tests/test_slow.py::test_slow[336]
PASSED tests/test_slow.py::test_slow[346]
PASSED tests/test_slow.py::test_slow[347]
PASSED tests/test_slow.py::test_slow[337]
PASSED tests/test_slow.py::test_slow[348]
PASSED tests/test_slow.py::test_slow[355]
PASSED tests/test_slow.py::test_slow[349]
PASSED tests/test_slow.py::test_slow[356]
PASSED tests/test_slow.py::test_slow[350]
PASSED tests/test_slow.py::test_slow[357]
PASSED tests/test_slow.py::test_slow[351]
PASSED tests/test_slow.py::test_slow[358]
PASSED tests/test_slow.py::test_slow[352]
PASSED tests/test_slow.py::test_slow[359]
PASSED tests/test_slow.py::test_slow[360]
PASSED tests/test_slow.py::test_slow[353]
PASSED tests/test_slow.py::test_slow[361]
PASSED tests/test_slow.py::test_slow[354]
PASSED tests/test_slow.py::test_slow[368]
PASSED tests/test_slow.py::test_slow[362]
PASSED tests/test_slow.py::test_slow[363]
PASSED tests/test_slow.py::test_slow[369]
PASSED tests/test_slow.py::test_slow[370]
PASSED tests/test_slow.py::test_slow[364]
PASSED tests/test_slow.py::test_slow[371]
PASSED tests/test_slow.py::test_slow[365]
PASSED tests/test_slow.py::test_slow[372]
PASSED tests/test_slow.py::test_slow[366]
PASSED tests/test_slow.py::test_slow[373]
PASSED tests/test_slow.py::test_slow[367]
PASSED tests/test_slow.py::test_slow[374]
PASSED tests/test_slow.py::test_slow[377]
PASSED tests/test_slow.py::test_slow[375]
PASSED tests/test_slow.py::test_slow[378]
PASSED tests/test_slow.py::test_slow[379]
PASSED tests/test_slow.py::test_slow[376]
PASSED tests/test_slow.py::test_slow[380]
PASSED tests/test_slow.py::test_slow[381]
PASSED tests/test_slow.py::test_slow[384]
PASSED tests/test_slow.py::test_slow[382]
PASSED tests/test_slow.py::test_slow[385]
PASSED tests/test_slow.py::test_slow[383]
PASSED tests/test_slow.py::test_slow[386]
PASSED tests/test_slow.py::test_slow[387]
PASSED tests/test_slow.py::test_slow[389]
PASSED tests/test_slow.py::test_slow[388]
PASSED tests/test_slow.py::test_slow[390]
PASSED tests/test_slow.py::test_slow[391]
PASSED tests/test_slow.py::test_slow[392]
PASSED tests/test_slow.py::test_slow[393]
PASSED tests/test_slow.py::test_slow[394]
PASSED tests/test_slow.py::test_slow[395]
PASSED tests/test_slow.py::test_slow[396]
PASSED tests/test_slow.py::test_slow[397]
PASSED tests/test_slow.py::test_slow[398]
PASSED tests/test_slow.py::test_slow[399]
============================= 400 passed in 8.89s ==============================
