ENVNAME DATABASE_URL
ENVNAME F04_PROOF_STATE
ENVNAME HOME
ENVNAME LANG
ENVNAME NQUIRY_COOKIE_SECURE
ENVNAME NQUIRY_SESSION_AUTHORITY
ENVNAME OLDPWD
ENVNAME ORANGE_CATALOG_DB
ENVNAME ORANGE_PARALLEL_DIR
ENVNAME ORANGE_SERIAL_DIR
ENVNAME PATH
ENVNAME PGPASSWORD
ENVNAME PWD
ENVNAME PYTHONDONTWRITEBYTECODE
ENVNAME PYTHONNOUSERSITE
ENVNAME SFE_AMBIENT_API_KEY
ENVNAME SFE_FIXTURE_API_KEY
ENVNAME SFE_PEO_SCRUBBED
ENVNAME SHLVL
ENVNAME TZ
ENVNAME _
DBNAME nquiry_proof_serial_test
CATALOG catalog_fixture
