S0_ONLY_THE_ROOT_LINE_IS_SUBSTITUTED::PASS
S1_PASSED_PROOF_EXITS_0[serial_baseline.sh run]::PASS
S1_PASSED_PROOF_EXITS_0[parallel_proof.sh xdist]::PASS
S1_PASSED_PROOF_EXITS_0[parallel_proof.sh serial]::PASS
S2_FAILED_PROOF_EXITS_NONZERO[serial_baseline.sh run]::PASS
S2_FAILED_PROOF_EXITS_NONZERO[parallel_proof.sh xdist]::PASS
S2_FAILED_PROOF_EXITS_NONZERO[parallel_proof.sh serial]::PASS
S3_ANY_NONZERO_RAW_CODE_EXITS_1_AND_STAYS_RECORDED[serial_baseline.sh run]::PASS
S3_ANY_NONZERO_RAW_CODE_EXITS_1_AND_STAYS_RECORDED[parallel_proof.sh xdist]::PASS
S3_ANY_NONZERO_RAW_CODE_EXITS_1_AND_STAYS_RECORDED[parallel_proof.sh serial]::PASS
S4a_REAL_PYTEST_PASS_EXITS_0[serial_baseline.sh run]::PASS
S4b_REAL_PYTEST_FAILURE_EXITS_NONZERO[serial_baseline.sh run]::PASS
S4c_REAL_NO_TESTS_COLLECTED_EXIT_5_IS_FAILURE[serial_baseline.sh run]::PASS
S4a_REAL_PYTEST_PASS_EXITS_0[parallel_proof.sh xdist]::PASS
S4b_REAL_PYTEST_FAILURE_EXITS_NONZERO[parallel_proof.sh xdist]::PASS
S4c_REAL_NO_TESTS_COLLECTED_EXIT_5_IS_FAILURE[parallel_proof.sh xdist]::PASS
S4a_REAL_PYTEST_PASS_EXITS_0[parallel_proof.sh serial]::PASS
S4b_REAL_PYTEST_FAILURE_EXITS_NONZERO[parallel_proof.sh serial]::PASS
S4c_REAL_NO_TESTS_COLLECTED_EXIT_5_IS_FAILURE[parallel_proof.sh serial]::PASS
S4d_REAL_PARTITION_SELECTION_STILL_APPLIED::FAIL (xdist deselects the serial selectors under 4 workers; serial runs exactly them)
S5_RECORDED_TRUTH_STDOUT_AND_EVIDENCE_IDENTICAL_TO_BASE[serial_baseline.sh run]::PASS
S5b_BASE_RUNNER_REALLY_EXITED_0_ON_FAILED_PROOF[serial_baseline.sh run]::PASS
   content differs: s5_pp_xdist_0/./xdist_run.log
   content differs: s5_pp_xdist_1/./xdist_run.log
   content differs: s5_pp_xdist_5/./xdist_run.log
S5_RECORDED_TRUTH_STDOUT_AND_EVIDENCE_IDENTICAL_TO_BASE[parallel_proof.sh xdist]::FAIL 
S5b_BASE_RUNNER_REALLY_EXITED_0_ON_FAILED_PROOF[parallel_proof.sh xdist]::PASS
S5_RECORDED_TRUTH_STDOUT_AND_EVIDENCE_IDENTICAL_TO_BASE[parallel_proof.sh serial]::PASS
S5b_BASE_RUNNER_REALLY_EXITED_0_ON_FAILED_PROOF[parallel_proof.sh serial]::PASS
S6_STATUS_MAPPING_IS_FAIL_CLOSED[serial_baseline.sh]::PASS
S6_STATUS_MAPPING_IS_FAIL_CLOSED[parallel_proof.sh]::PASS
S7_USAGE_2_AND_REFUSAL_1_UNCHANGED::PASS
S8a_CHAIN_CONTINUES_PAST_A_FAILED_STAGE_AND_REPORTS_THE_RAW_CODE::PASS
S8b_CHAIN_FINAL_VERDICT_AND_EXIT_STATUS_UNCHANGED::PASS
S8c_CHAIN_OUTPUT_AND_STATUS_IDENTICAL_WITH_BASE_RUNNERS::PASS
S9_CHAIN_UNCHANGED_AND_NEVER_CONSUMES_THE_STAGE_PROCESS_STATUS::PASS
   parallel_proof.sh: more than the contract lines changed
S10_ONLY_CONTRACT_LINES_ADDED_SELECTION_PARTITION_AGGREGATION_UNCHANGED::FAIL 
S11a_SYNTHETIC_TREE_UNCHANGED_NO_BYTECODE_IN_TREE::PASS
S11b_NO_ORPHAN_PROCESS::PASS
   info: serial_baseline.sh post with a FAIL verdict line exits 0 (3 FAIL line(s) on stdout)
   info: parallel_proof.sh post with a FAIL verdict line exits 0 (3 FAIL line(s) on stdout)
STAGE_EXIT_FALSIFIERS::FAIL (3)
