Using Python 3.13.15 environment at: .venv-proof313-orange
Resolved 48 packages in 639ms
Prepared 3 packages in 48ms
Installed 48 packages in 182ms
 + alembic==1.20.0
 + annotated-doc==0.0.5
 + annotated-types==0.8.0
 + anyio==4.15.1
 + ast-serialize==0.11.2
 + click==8.5.0
 + coverage==7.16.2
 + execnet==2.1.2
 + fastapi==0.142.2
 + h11==0.16.0
 + httpcore2==2.13.1
 + httptools==0.8.0
 + httpx2==2.13.1
 + hypothesis==6.168.3
 + idna==3.20
 + iniconfig==2.3.0
 + librt==0.16.0
 + mako==1.4.3
 + markupsafe==3.0.3
 + mypy==2.3.1
 + mypy-extensions==1.1.0
 + opentelemetry-api==1.45.0
 + opentelemetry-sdk==1.45.0
 + opentelemetry-semantic-conventions==0.66b0
 + packaging==26.3
 + pathspec==1.1.1
 + pluggy==1.6.0
 + psycopg==3.3.6
 + psycopg-binary==3.3.6
 + pydantic==2.13.5
 + pydantic-core==2.46.5
 + pygments==2.21.0
 + pytest==9.1.1
 + pytest-cov==7.1.0
 + pytest-xdist==3.8.0
 + python-dotenv==1.2.3
 + pyyaml==6.0.3
 + ruff==0.16.9
 + sortedcontainers==2.4.0
 + sqlalchemy==2.1.1
 + starlette==1.7.0
 + truststore==0.10.4
 + typing-extensions==4.16.0
 + typing-inspection==0.4.4
 + uvicorn==0.54.0
 + uvloop==0.22.1
 + watchfiles==1.3.0
 + websockets==17.1
