ENVNAME F04_PROOF_STATE
ENVNAME HOME
ENVNAME LANG
ENVNAME NQUIRY_COOKIE_SECURE
ENVNAME NQUIRY_SESSION_AUTHORITY
ENVNAME OLDPWD
ENVNAME ORANGE_BINDING_EVIDENCE
ENVNAME ORANGE_CATALOG_DB
ENVNAME ORANGE_DB_BASE
ENVNAME ORANGE_PARALLEL_DIR
ENVNAME ORANGE_SERIAL_DIR
ENVNAME ORANGE_XDIST_LANE
ENVNAME PATH
ENVNAME PGPASSWORD
ENVNAME PWD
ENVNAME PYC
ENVNAME PYTHONNOUSERSITE
ENVNAME PYTHONPYCACHEPREFIX
ENVNAME SFE_AMBIENT_API_KEY
ENVNAME SFE_FIXTURE_API_KEY
ENVNAME SFE_PEO_SCRUBBED
ENVNAME SHLVL
ENVNAME TZ
ENVNAME _
DBNAME 
CATALOG catalog_fixture
