S0_ONLY_THE_ROOT_LINE_IS_SUBSTITUTED::PASS
S1_PASSED_PROOF_EXITS_0[serial_baseline.sh run]::PASS
S1_PASSED_PROOF_EXITS_0[parallel_proof.sh xdist]::PASS
S1_PASSED_PROOF_EXITS_0[parallel_proof.sh serial]::PASS
S2_FAILED_PROOF_EXITS_NONZERO[serial_baseline.sh run]::FAIL (rc=0 recorded=1)
S2_FAILED_PROOF_EXITS_NONZERO[parallel_proof.sh xdist]::FAIL (rc=0 recorded=1)
S2_FAILED_PROOF_EXITS_NONZERO[parallel_proof.sh serial]::FAIL (rc=0 recorded=1)
   raw=2 rc=0 recorded=2
   raw=3 rc=0 recorded=3
   raw=4 rc=0 recorded=4
   raw=5 rc=0 recorded=5
   raw=124 rc=0 recorded=124
   raw=137 rc=0 recorded=137
   raw=255 rc=0 recorded=255
S3_ANY_NONZERO_RAW_CODE_EXITS_1_AND_STAYS_RECORDED[serial_baseline.sh run]::FAIL 
   raw=2 rc=0 recorded=2
   raw=3 rc=0 recorded=3
   raw=4 rc=0 recorded=4
   raw=5 rc=0 recorded=5
   raw=124 rc=0 recorded=124
   raw=137 rc=0 recorded=137
   raw=255 rc=0 recorded=255
S3_ANY_NONZERO_RAW_CODE_EXITS_1_AND_STAYS_RECORDED[parallel_proof.sh xdist]::FAIL 
   raw=2 rc=0 recorded=2
   raw=3 rc=0 recorded=3
   raw=4 rc=0 recorded=4
   raw=5 rc=0 recorded=5
   raw=124 rc=0 recorded=124
   raw=137 rc=0 recorded=137
   raw=255 rc=0 recorded=255
S3_ANY_NONZERO_RAW_CODE_EXITS_1_AND_STAYS_RECORDED[parallel_proof.sh serial]::FAIL 
S4a_REAL_PYTEST_PASS_EXITS_0[serial_baseline.sh run]::PASS
S4b_REAL_PYTEST_FAILURE_EXITS_NONZERO[serial_baseline.sh run]::FAIL (rc=0 ============================== 10 failed in 0.35s ==============================)
S4c_REAL_NO_TESTS_COLLECTED_EXIT_5_IS_FAILURE[serial_baseline.sh run]::FAIL (rc=0 recorded=5)
S4a_REAL_PYTEST_PASS_EXITS_0[parallel_proof.sh xdist]::PASS
S4b_REAL_PYTEST_FAILURE_EXITS_NONZERO[parallel_proof.sh xdist]::FAIL (rc=0 ============================== 8 failed in 1.65s ===============================)
S4c_REAL_NO_TESTS_COLLECTED_EXIT_5_IS_FAILURE[parallel_proof.sh xdist]::FAIL (rc=0 recorded=5)
S4a_REAL_PYTEST_PASS_EXITS_0[parallel_proof.sh serial]::PASS
S4b_REAL_PYTEST_FAILURE_EXITS_NONZERO[parallel_proof.sh serial]::FAIL (rc=0 ============================== 2 failed in 0.56s ===============================)
S4c_REAL_NO_TESTS_COLLECTED_EXIT_5_IS_FAILURE[parallel_proof.sh serial]::FAIL (rc=0 recorded=5)
S4d_REAL_PARTITION_SELECTION_STILL_APPLIED::PASS
S5_RECORDED_TRUTH_STDOUT_AND_EVIDENCE_IDENTICAL_TO_BASE[serial_baseline.sh run]::PASS
S5b_BASE_RUNNER_REALLY_EXITED_0_ON_FAILED_PROOF[serial_baseline.sh run]::PASS
S5_RECORDED_TRUTH_STDOUT_AND_EVIDENCE_IDENTICAL_TO_BASE[parallel_proof.sh xdist]::PASS
S5b_BASE_RUNNER_REALLY_EXITED_0_ON_FAILED_PROOF[parallel_proof.sh xdist]::PASS
S5_RECORDED_TRUTH_STDOUT_AND_EVIDENCE_IDENTICAL_TO_BASE[parallel_proof.sh serial]::PASS
S5b_BASE_RUNNER_REALLY_EXITED_0_ON_FAILED_PROOF[parallel_proof.sh serial]::PASS
   serial_baseline.sh empty -> 0 (want 1)
   serial_baseline.sh garbage -> 0 (want 1)
   serial_baseline.sh one -> 0 (want 1)
   serial_baseline.sh minus -> 0 (want 1)
   serial_baseline.sh absent -> 0 (want 1)
S6_STATUS_MAPPING_IS_FAIL_CLOSED[serial_baseline.sh]::FAIL 
   parallel_proof.sh empty -> 0 (want 1)
   parallel_proof.sh garbage -> 0 (want 1)
   parallel_proof.sh one -> 0 (want 1)
   parallel_proof.sh minus -> 0 (want 1)
   parallel_proof.sh absent -> 0 (want 1)
S6_STATUS_MAPPING_IS_FAIL_CLOSED[parallel_proof.sh]::FAIL 
S7_USAGE_2_AND_REFUSAL_1_UNCHANGED::PASS
S8a_CHAIN_CONTINUES_PAST_A_FAILED_STAGE_AND_REPORTS_THE_RAW_CODE::PASS
S8b_CHAIN_FINAL_VERDICT_AND_EXIT_STATUS_UNCHANGED::PASS
S8c_CHAIN_OUTPUT_AND_STATUS_IDENTICAL_WITH_BASE_RUNNERS::PASS
S9_CHAIN_UNCHANGED_AND_NEVER_CONSUMES_THE_STAGE_PROCESS_STATUS::PASS
S10_ONLY_CONTRACT_LINES_ADDED_SELECTION_PARTITION_AGGREGATION_UNCHANGED::PASS
S11a_SYNTHETIC_TREE_UNCHANGED_NO_BYTECODE_IN_TREE::PASS
S11b_NO_ORPHAN_PROCESS::PASS
   info: serial_baseline.sh post with a FAIL verdict line exits 0 (3 FAIL line(s) on stdout)
   info: parallel_proof.sh post with a FAIL verdict line exits 0 (3 FAIL line(s) on stdout)
STAGE_EXIT_FALSIFIERS::FAIL (14)
