E1_ALL_PASS_EXITS_0::PASS
E2_FAIL_VERDICT_EXITS_NONZERO::PASS
E3_MISSING_VERDICT_EXITS_NONZERO::PASS
E4_TIMEOUT_EXITS_NONZERO::PASS
E5_CHILD_STAGE_FAILURE_EXITS_NONZERO::PASS
E5b_EXIT_0_BEFORE_FINAL_VERDICT_BECOMES_NONZERO::PASS
E6a_REFUSED_PRE_PHASE_STOPS_WITH_1::PASS
E6b_EXISTING_CLOSURE_DIR_STILL_REFUSED_WITH_1::PASS
E7_HISTORICAL_PCPG5_FAIL_EVIDENCE_EXITS_NONZERO::PASS
E8a_CANONICAL_E2E_PASS_EVIDENCE_EXITS_0::PASS
E8b_SWU_PX_03_PASS_EVIDENCE_EXITS_0::PASS
E8c_SWU_PX_03_FAILED_FIRST_RUN_EXITS_NONZERO::PASS
E9_HEARTBEAT_CANNOT_TURN_FAILURE_INTO_EXIT_0::PASS
   /home/codi/Entwicklung/nquiry/worktrees/orange-proof-lineage/evidence/exit_status/canonical/e8b_swu_px_03_pass.out
   /home/codi/Entwicklung/nquiry/worktrees/orange-proof-lineage/evidence/exit_status/canonical/e8c_swu_px_03_failed_first_run.out
E10_PROOF_END_ONCE_AND_LAST::FAIL 
E11_EVENT_OUTPUT_UNCHANGED_VS_BASE::PASS
E11b_BASE_HELPER_REALLY_EXITED_0_ON_FAIL::PASS
E12_NO_ORPHAN_PROCESS::FAIL (2)
EXIT_STATUS_FALSIFIERS::FAIL (2)
