CONTROL_SPLIT_IS_2235_4::PASS 2235/4
POSITIVE_CONTROL_AGGREGATES_CLEAN::PASS []
RAW_PROVENANCE_KEPT::PASS 
FALSIFIER_DETECTS[xdist_exit_5_is_failure]::PASS ['XDIST_EXIT_5_NO_TESTS_COLLECTED_IS_FAILURE']
FALSIFIER_DETECTS[serial_exit_5_is_failure]::PASS ['SERIAL_EXIT_5_NO_TESTS_COLLECTED_IS_FAILURE']
FALSIFIER_DETECTS[xdist_exit_1]::PASS ['XDIST_EXIT_1']
FALSIFIER_DETECTS[empty_xdist_junit_with_exit_0]::PASS ['XDIST_EXECUTED_SET_MISMATCH missing=2235 extra=0', 'UNION_NOT_2239 (4)', 'SKIP_SET_MISMATCH (0)']
FALSIFIER_DETECTS[empty_serial_junit_with_exit_0]::PASS ['SERIAL_EXECUTED_SET_MISMATCH missing=4 extra=0', 'UNION_NOT_2239 (2235)']
FALSIFIER_DETECTS[xdist_node_missing]::PASS ['XDIST_EXECUTED_SET_MISMATCH missing=1 extra=0', 'UNION_NOT_2239 (2238)']
FALSIFIER_DETECTS[serial_node_missing]::PASS ['SERIAL_EXECUTED_SET_MISMATCH missing=1 extra=0', 'UNION_NOT_2239 (2238)']
FALSIFIER_DETECTS[serial_node_also_run_in_xdist]::PASS ['XDIST_EXECUTED_SET_MISMATCH missing=0 extra=1', 'NODE_EXECUTED_IN_BOTH_PARTITIONS:tests/e2e/test_pfc_f09_1_technical_failure.py::test_worker_loop_survives_a_databa
FALSIFIER_DETECTS[xdist_node_run_twice]::PASS ['XDIST_NODE_EXECUTED_MORE_THAN_ONCE:1']
FALSIFIER_DETECTS[drift_2234_5_declared]::PASS ['XDIST_EXECUTED_SET_MISMATCH missing=0 extra=1', 'SERIAL_EXECUTED_SET_MISMATCH missing=1 extra=0']
FALSIFIER_DETECTS[moved_node_run_in_xdist_instead]::PASS ['XDIST_EXECUTED_SET_MISMATCH missing=0 extra=1', 'SERIAL_EXECUTED_SET_MISMATCH missing=1 extra=0']
FALSIFIER_DETECTS[extra_skip]::PASS ['SKIP_SET_MISMATCH (3)', 'OUTCOME_DIVERGES_FROM_SERIAL_REFERENCE:1']
FALSIFIER_DETECTS[declared_skip_executed_instead]::PASS ['SKIP_SET_MISMATCH (1)', 'OUTCOME_DIVERGES_FROM_SERIAL_REFERENCE:1']
FALSIFIER_DETECTS[one_failure]::PASS ['FAILURES:1', 'OUTCOME_DIVERGES_FROM_SERIAL_REFERENCE:1']
FALSIFIER_DETECTS[one_error]::PASS ['FAILURES:1', 'OUTCOME_DIVERGES_FROM_SERIAL_REFERENCE:1']
FALSIFIER_DETECTS[unknown_node_in_junit]::PASS ['XDIST_UNKNOWN_NODE:tests.e2e.test_ghost::test_ghost']
FALSIFIER_DETECTS[outcome_diverges_from_serial_reference]::PASS ['OUTCOME_DIVERGES_FROM_SERIAL_REFERENCE:1']
FALSIFIER_DETECTS[reference_incomplete]::PASS ['OUTCOME_DIVERGES_FROM_SERIAL_REFERENCE:1', 'REFERENCE_NOT_2239']
CLAIM_CEILING_TEXT::PASS 
AGGREGATION_PROOF::PASS (22/22)
