== MV1_heartbeat_prints_PASS: rc=1 -> KILLED
    F4_HEARTBEAT_NEVER_CLAIMS_A_VERDICT::FAIL 
    PROGRESS_FALSIFIERS::FAIL (1)
== MV2_heartbeat_survives_stage: rc=1 -> KILLED
    F8_HEARTBEAT_ENDS_WITH_ITS_STAGE::FAIL (hb=4049904)
    PROGRESS_FALSIFIERS::FAIL (1)
== MV3a_final_PASS_before_aggregation: rc=1 -> KILLED
    F10b_OBSERVABILITY_LINES_WELL_PLACED::FAIL 
    PROGRESS_FALSIFIERS::FAIL (1)
== MV3b_final_verdict_always_PASS: rc=1 -> KILLED
    F5b_FAIL_MISSING_EMPTY_OR_EARLY_EXIT_NEVER_PASS::FAIL 
    F6_FAILED_CHILD_REPORTS_STAGE_AND_EXIT_CODE::FAIL 
    F7_TIMEOUT_REMAINS_TIMEOUT::FAIL 
    PROGRESS_FALSIFIERS::FAIL (3)
== MV4_failed_child_exit_ignored: rc=1 -> KILLED
    F6_FAILED_CHILD_REPORTS_STAGE_AND_EXIT_CODE::FAIL 
    PROGRESS_FALSIFIERS::FAIL (1)
== MV5_secret_emitted: rc=1 -> KILLED
    F15_NO_SECRET_IN_VERBOSE_OUTPUT::FAIL 
    PROGRESS_FALSIFIERS::FAIL (1)
== MV6_stage_order_altered: rc=1 -> KILLED
    F10_COMMAND_LINES_IDENTICAL_AND_IN_ORDER::FAIL 
    PROGRESS_FALSIFIERS::FAIL (1)
== MV7_timeout_not_reported: rc=1 -> KILLED
    F7_TIMEOUT_REMAINS_TIMEOUT::FAIL 
    PROGRESS_FALSIFIERS::FAIL (1)
MUTATION_RESULT::PASS (8/8 killed)
